
== Q1. Which combinations of conditions are most frequent? (question, part a) ==
     road_class     |   speed_bin    |       light       |  crossing_location  |   time_of_day    | deaths | support_pct 
--------------------+----------------+-------------------+---------------------+------------------+--------+-------------
 principal arterial | 45-50 mph      | dark, not lighted | not at intersection | night (20-23)    |      5 |        35.7
 principal arterial | 45-50 mph      | dark, lighted     | not at intersection | night (20-23)    |      2 |        14.3
 collector          | 30 mph or less | dark, not lighted | not at intersection | late night (0-5) |      1 |         7.1
 minor arterial     | 35-40 mph      | dark, lighted     | at intersection     | evening (16-19)  |      1 |         7.1
 minor arterial     | 45-50 mph      | dark, not lighted | not at intersection | evening (16-19)  |      1 |         7.1
 minor arterial     | unknown        | daylight          | at intersection     | midday (10-15)   |      1 |         7.1
 principal arterial | 35-40 mph      | dark, not lighted | not at intersection | late night (0-5) |      1 |         7.1
 principal arterial | 35-40 mph      | dark, lighted     | unknown             | night (20-23)    |      1 |         7.1
 principal arterial | 45-50 mph      | dark, not lighted | not at intersection | late night (0-5) |      1 |         7.1
(9 rows)


== Q2. Which counties concentrate the most deaths under one pattern? (question, part b) ==
 county_name  | pattern_deaths | deaths_in_scope | share_of_county_pct | pattern_rate_per_100k_per_year 
--------------+----------------+-----------------+---------------------+--------------------------------
 Brevard      |              3 |               4 |                75.0 |                          0.096
 Hillsborough |              2 |               3 |                66.7 |                          0.026
 Orange       |              1 |               3 |                33.3 |                          0.014
(3 rows)


== Q3. Five-year county fatality rates per 100,000 residents (Objective 3) ==
 county_name  | deaths_all | deaths_in_scope | person_years | rate_per_100k_per_year | unstable_rate 
--------------+------------+-----------------+--------------+------------------------+---------------
 Brevard      |          4 |               4 |      3130000 |                   0.13 | t
 Duval        |          2 |               1 |      5086000 |                   0.04 | t
 Hillsborough |          3 |               3 |      7564000 |                   0.04 | t
 Orange       |          3 |               3 |      7298000 |                   0.04 | t
 Polk         |          1 |               0 |      3935000 |                   0.03 | t
 Miami-Dade   |          3 |               3 |     13546000 |                   0.02 | t
 Lafayette    |          0 |               0 |        41726 |                   0.00 | t
(7 rows)


== Q4. Does the pattern hold year after year? (Objective 2: stable in 4 of 5 years) ==
 year | pattern_deaths | all_in_scope_deaths 
------+----------------+---------------------
 2020 |              2 |                   2
 2021 |              2 |                   2
 2022 |              1 |                   3
 2023 |              0 |                   3
 2024 |              1 |                   4
(5 rows)


== Q5. Hour-by-lighting matrix for the dashboard heatmap ==
   time_of_day    | daylight | dawn_dusk | dark_lighted | dark_not_lighted | unknown | total 
------------------+----------+-----------+--------------+------------------+---------+-------
 late night (0-5) |        0 |         0 |            0 |                3 |       0 |     3
 midday (10-15)   |        1 |         0 |            0 |                0 |       0 |     1
 evening (16-19)  |        0 |         0 |            1 |                1 |       0 |     2
 night (20-23)    |        0 |         0 |            3 |                5 |       0 |     8
(4 rows)


== Q6. Can the data carry the answer? Yearly counts and coverage (Objective 1) ==
 year | deaths_all | deaths_in_scope | geocoded | walkability_pct_of_geocoded | no_striking_vehicle | speed_limit_unknown | no_typing_record 
------+------------+-----------------+----------+-----------------------------+---------------------+---------------------+------------------
 2020 |          2 |               2 |        2 |                       100.0 |                   0 |                   0 |                0
 2021 |          3 |               2 |        3 |                       100.0 |                   0 |                   0 |                0
 2022 |          4 |               3 |        3 |                       100.0 |                   0 |                   0 |                0
 2023 |          3 |               3 |        3 |                       100.0 |                   0 |                   0 |                1
 2024 |          4 |               4 |        4 |                       100.0 |                   1 |                   0 |                0
(5 rows)


== Data-quality views: rows found (0 = clean; two of them list allowed cases) ==
            check_view            | rows_found |                    reading                     
----------------------------------+------------+------------------------------------------------
 v_dq_count_mismatch              |          0 | must be 0
 v_dq_county_block_group_mismatch |          0 | must be 0 or explained
 v_dq_unlabeled_code              |          0 | must be 0
 v_dq_undocumented_column         |          0 | must be 0
 v_dq_missing_typing              |          1 | allowed; Q7 has none
 v_dq_no_striking_vehicle         |          1 | allowed; Q10 has none
 v_dq_population_gap              |        300 | 300 = 60 counties x 5 years not in the fixture
(7 rows)

