# Scenario 1: first end-to-end run on an empty database
# input: SYNTHETIC files from tools/make_synthetic_raw.py (not real FARS rows)
# expected outcome: exit 0, all gates pass
# recorded 2026-10-04T22:26:46-04:00

server: PostgreSQL 16.14 (Ubuntu 16.14-0ubuntu0.24.04.1) on x86_64-pc-linux-gnu, compiled by gcc (Ubuntu 13.3.0-6ubuntu2~24.04.1) 13.3.0, 64-bit

$ python pipeline/etl.py run --raw-dir data/synthetic/clean --sources data/synthetic/clean/sources.csv --expected data/synthetic/clean/expected_counts.csv --log-dir data/interim/week7/logs
2026-10-04T22:26:46.925-04:00 run=- stage=preflight INFO | start (connect, take the run lock, close abandoned runs, open the etl_run row)
2026-10-04T22:26:46.943-04:00 run=1 stage=preflight INFO | run 1 started 2026-10-04T22:26:46-04:00; git commit b24aa7b06a816bb39457168d5729cdaa829f7338
2026-10-04T22:26:46.945-04:00 run=1 stage=preflight INFO | inputs: raw dir data/synthetic/clean; sources data/synthetic/clean/sources.csv; expected counts data/synthetic/clean/expected_counts.csv
2026-10-04T22:26:46.949-04:00 run=1 stage=preflight INFO | data tables before the run: crash=0, vehicle=0, pedestrian=0, ped_crash_type=0, county_population=0; fingerprint 6891cd577154
2026-10-04T22:26:46.950-04:00 run=1 stage=preflight INFO | stage preflight finished in 0.02s
2026-10-04T22:26:46.950-04:00 run=1 stage=verify_sources INFO | start (every input file present; size and SHA-256 equal to sources.csv)
2026-10-04T22:26:46.951-04:00 run=1 stage=verify_sources INFO | PASS  G1 sources.csv lists FARS 2020-2024 and the Census file: FARS years [2020, 2021, 2022, 2023, 2024]; census yes
2026-10-04T22:26:46.952-04:00 run=1 stage=verify_sources INFO | PASS  G1 sha256 FARS2020NationalCSV.zip: expected ee66bdb47ab151b2... (35,023 bytes), found ee66bdb47ab151b2... (35,023 bytes)
2026-10-04T22:26:46.953-04:00 run=1 stage=verify_sources INFO | PASS  G1 sha256 FARS2021NationalCSV.zip: expected cb71e777efb47a3a... (35,155 bytes), found cb71e777efb47a3a... (35,155 bytes)
2026-10-04T22:26:46.954-04:00 run=1 stage=verify_sources INFO | PASS  G1 sha256 FARS2022NationalCSV.zip: expected e543adcea0c609ef... (33,417 bytes), found e543adcea0c609ef... (33,417 bytes)
2026-10-04T22:26:46.955-04:00 run=1 stage=verify_sources INFO | PASS  G1 sha256 FARS2023NationalCSV.zip: expected beee2e3bb57710c4... (36,198 bytes), found beee2e3bb57710c4... (36,198 bytes)
2026-10-04T22:26:46.956-04:00 run=1 stage=verify_sources INFO | PASS  G1 sha256 FARS2024NationalCSV.zip: expected 6532260bed847f4c... (33,624 bytes), found 6532260bed847f4c... (33,624 bytes)
2026-10-04T22:26:46.956-04:00 run=1 stage=verify_sources INFO | PASS  G1 sha256 co-est2025-alldata.csv: expected 5c45fd72b6545625... (8,159 bytes), found 5c45fd72b6545625... (8,159 bytes)
2026-10-04T22:26:46.961-04:00 run=1 stage=verify_sources INFO rows_in=6 rows_out=6 | 6 input files verified against sources.csv and recorded in source_file
2026-10-04T22:26:46.961-04:00 run=1 stage=verify_sources INFO | stage verify_sources finished in 0.01s; gate G1 passed
2026-10-04T22:26:46.962-04:00 run=1 stage=extract INFO | start (read the CSV members from the zips (UTF-8, cp1252 fallback); required columns present; keep STATE = 12)
2026-10-04T22:26:46.975-04:00 run=1 stage=extract INFO | PASS  G2 2020 accident.csv required columns: 16 columns present (cp1252)
2026-10-04T22:26:46.978-04:00 run=1 stage=extract INFO rows_in=460 rows_out=263 | 2020 accident.csv: kept STATE = 12 (encoding cp1252)
2026-10-04T22:26:46.986-04:00 run=1 stage=extract INFO | PASS  G2 2020 vehicle.csv required columns: 6 columns present (utf-8)
2026-10-04T22:26:46.988-04:00 run=1 stage=extract INFO rows_in=651 rows_out=363 | 2020 vehicle.csv: kept STATE = 12 (encoding utf-8)
2026-10-04T22:26:46.998-04:00 run=1 stage=extract INFO | PASS  G2 2020 person.csv required columns: 10 columns present (utf-8)
2026-10-04T22:26:47.000-04:00 run=1 stage=extract INFO rows_in=1220 rows_out=718 | 2020 person.csv: kept STATE = 12 (encoding utf-8)
2026-10-04T22:26:47.008-04:00 run=1 stage=extract INFO | PASS  G2 2020 pbtype.csv required columns: 9 columns present (cp1252)
2026-10-04T22:26:47.010-04:00 run=1 stage=extract INFO rows_in=290 rows_out=188 | 2020 pbtype.csv: kept STATE = 12 (encoding cp1252)
2026-10-04T22:26:47.023-04:00 run=1 stage=extract INFO | PASS  G2 2021 accident.csv required columns: 16 columns present (utf-8)
2026-10-04T22:26:47.025-04:00 run=1 stage=extract INFO rows_in=469 rows_out=272 | 2021 accident.csv: kept STATE = 12 (encoding utf-8)
2026-10-04T22:26:47.034-04:00 run=1 stage=extract INFO | PASS  G2 2021 vehicle.csv required columns: 6 columns present (utf-8)
2026-10-04T22:26:47.036-04:00 run=1 stage=extract INFO rows_in=667 rows_out=375 | 2021 vehicle.csv: kept STATE = 12 (encoding utf-8)
2026-10-04T22:26:47.049-04:00 run=1 stage=extract INFO | PASS  G2 2021 person.csv required columns: 10 columns present (utf-8)
2026-10-04T22:26:47.052-04:00 run=1 stage=extract INFO rows_in=1205 rows_out=707 | 2021 person.csv: kept STATE = 12 (encoding utf-8)
2026-10-04T22:26:47.059-04:00 run=1 stage=extract INFO | PASS  G2 2021 pbtype.csv required columns: 9 columns present (utf-8)
2026-10-04T22:26:47.061-04:00 run=1 stage=extract INFO rows_in=278 rows_out=185 | 2021 pbtype.csv: kept STATE = 12 (encoding utf-8)
2026-10-04T22:26:47.076-04:00 run=1 stage=extract INFO | PASS  G2 2022 accident.csv required columns: 16 columns present (utf-8)
2026-10-04T22:26:47.079-04:00 run=1 stage=extract INFO rows_in=445 rows_out=246 | 2022 accident.csv: kept STATE = 12 (encoding utf-8)
2026-10-04T22:26:47.088-04:00 run=1 stage=extract INFO | PASS  G2 2022 vehicle.csv required columns: 6 columns present (utf-8)
2026-10-04T22:26:47.090-04:00 run=1 stage=extract INFO rows_in=617 rows_out=330 | 2022 vehicle.csv: kept STATE = 12 (encoding utf-8)
2026-10-04T22:26:47.102-04:00 run=1 stage=extract INFO | PASS  G2 2022 person.csv required columns: 10 columns present (utf-8)
2026-10-04T22:26:47.105-04:00 run=1 stage=extract INFO rows_in=1102 rows_out=608 | 2022 person.csv: kept STATE = 12 (encoding utf-8)
2026-10-04T22:26:47.114-04:00 run=1 stage=extract INFO | PASS  G2 2022 pbtype.csv required columns: 9 columns present (utf-8)
2026-10-04T22:26:47.116-04:00 run=1 stage=extract INFO rows_in=253 rows_out=162 | 2022 pbtype.csv: kept STATE = 12 (encoding utf-8)
2026-10-04T22:26:47.128-04:00 run=1 stage=extract INFO | PASS  G2 2023 accident.csv required columns: 16 columns present (utf-8)
2026-10-04T22:26:47.130-04:00 run=1 stage=extract INFO rows_in=479 rows_out=278 | 2023 accident.csv: kept STATE = 12 (encoding utf-8)
2026-10-04T22:26:47.136-04:00 run=1 stage=extract INFO | PASS  G2 2023 vehicle.csv required columns: 6 columns present (utf-8)
2026-10-04T22:26:47.138-04:00 run=1 stage=extract INFO rows_in=692 rows_out=397 | 2023 vehicle.csv: kept STATE = 12 (encoding utf-8)
2026-10-04T22:26:47.147-04:00 run=1 stage=extract INFO | PASS  G2 2023 person.csv required columns: 10 columns present (utf-8)
2026-10-04T22:26:47.149-04:00 run=1 stage=extract INFO rows_in=1209 rows_out=730 | 2023 person.csv: kept STATE = 12 (encoding utf-8)
2026-10-04T22:26:47.156-04:00 run=1 stage=extract INFO | PASS  G2 2023 pbtype.csv required columns: 9 columns present (utf-8)
2026-10-04T22:26:47.157-04:00 run=1 stage=extract INFO rows_in=265 rows_out=182 | 2023 pbtype.csv: kept STATE = 12 (encoding utf-8)
2026-10-04T22:26:47.167-04:00 run=1 stage=extract INFO | PASS  G2 2024 accident.csv required columns: 16 columns present (utf-8)
2026-10-04T22:26:47.169-04:00 run=1 stage=extract INFO rows_in=452 rows_out=245 | 2024 accident.csv: kept STATE = 12 (encoding utf-8)
2026-10-04T22:26:47.176-04:00 run=1 stage=extract INFO | PASS  G2 2024 vehicle.csv required columns: 6 columns present (utf-8)
2026-10-04T22:26:47.177-04:00 run=1 stage=extract INFO rows_in=618 rows_out=325 | 2024 vehicle.csv: kept STATE = 12 (encoding utf-8)
2026-10-04T22:26:47.185-04:00 run=1 stage=extract INFO | PASS  G2 2024 person.csv required columns: 10 columns present (utf-8)
2026-10-04T22:26:47.187-04:00 run=1 stage=extract INFO rows_in=1114 rows_out=631 | 2024 person.csv: kept STATE = 12 (encoding utf-8)
2026-10-04T22:26:47.193-04:00 run=1 stage=extract INFO | PASS  G2 2024 pbtype.csv required columns: 9 columns present (utf-8)
2026-10-04T22:26:47.195-04:00 run=1 stage=extract INFO rows_in=245 rows_out=159 | 2024 pbtype.csv: kept STATE = 12 (encoding utf-8)
2026-10-04T22:26:47.200-04:00 run=1 stage=extract INFO | PASS  G2 census required columns: 9 columns present (latin-1)
2026-10-04T22:26:47.202-04:00 run=1 stage=extract INFO rows_in=79 rows_out=67 | census: kept SUMLEV 050 and STATE 12 (encoding latin-1; the state summary row is dropped)
2026-10-04T22:26:47.203-04:00 run=1 stage=extract INFO | stage extract finished in 0.24s; gate G2 passed
2026-10-04T22:26:47.204-04:00 run=1 stage=reconcile_inventory INFO | start (Florida rows per member equal expected_counts.csv)
2026-10-04T22:26:47.205-04:00 run=1 stage=reconcile_inventory INFO | PASS  G3 expected_counts.csv present and complete: 31 totals read from data/synthetic/clean/expected_counts.csv
2026-10-04T22:26:47.205-04:00 run=1 stage=reconcile_inventory INFO | PASS  G3 2020 accident Florida rows: expected 263, read 263
2026-10-04T22:26:47.206-04:00 run=1 stage=reconcile_inventory INFO | PASS  G3 2020 vehicle Florida rows: expected 363, read 363
2026-10-04T22:26:47.206-04:00 run=1 stage=reconcile_inventory INFO | PASS  G3 2020 person Florida rows: expected 718, read 718
2026-10-04T22:26:47.207-04:00 run=1 stage=reconcile_inventory INFO | PASS  G3 2020 pbtype Florida rows: expected 188, read 188
2026-10-04T22:26:47.207-04:00 run=1 stage=reconcile_inventory INFO | PASS  G3 2021 accident Florida rows: expected 272, read 272
2026-10-04T22:26:47.208-04:00 run=1 stage=reconcile_inventory INFO | PASS  G3 2021 vehicle Florida rows: expected 375, read 375
2026-10-04T22:26:47.208-04:00 run=1 stage=reconcile_inventory INFO | PASS  G3 2021 person Florida rows: expected 707, read 707
2026-10-04T22:26:47.209-04:00 run=1 stage=reconcile_inventory INFO | PASS  G3 2021 pbtype Florida rows: expected 185, read 185
2026-10-04T22:26:47.209-04:00 run=1 stage=reconcile_inventory INFO | PASS  G3 2022 accident Florida rows: expected 246, read 246
2026-10-04T22:26:47.210-04:00 run=1 stage=reconcile_inventory INFO | PASS  G3 2022 vehicle Florida rows: expected 330, read 330
2026-10-04T22:26:47.210-04:00 run=1 stage=reconcile_inventory INFO | PASS  G3 2022 person Florida rows: expected 608, read 608
2026-10-04T22:26:47.211-04:00 run=1 stage=reconcile_inventory INFO | PASS  G3 2022 pbtype Florida rows: expected 162, read 162
2026-10-04T22:26:47.211-04:00 run=1 stage=reconcile_inventory INFO | PASS  G3 2023 accident Florida rows: expected 278, read 278
2026-10-04T22:26:47.212-04:00 run=1 stage=reconcile_inventory INFO | PASS  G3 2023 vehicle Florida rows: expected 397, read 397
2026-10-04T22:26:47.212-04:00 run=1 stage=reconcile_inventory INFO | PASS  G3 2023 person Florida rows: expected 730, read 730
2026-10-04T22:26:47.212-04:00 run=1 stage=reconcile_inventory INFO | PASS  G3 2023 pbtype Florida rows: expected 182, read 182
2026-10-04T22:26:47.213-04:00 run=1 stage=reconcile_inventory INFO | PASS  G3 2024 accident Florida rows: expected 245, read 245
2026-10-04T22:26:47.213-04:00 run=1 stage=reconcile_inventory INFO | PASS  G3 2024 vehicle Florida rows: expected 325, read 325
2026-10-04T22:26:47.214-04:00 run=1 stage=reconcile_inventory INFO | PASS  G3 2024 person Florida rows: expected 631, read 631
2026-10-04T22:26:47.214-04:00 run=1 stage=reconcile_inventory INFO | PASS  G3 2024 pbtype Florida rows: expected 159, read 159
2026-10-04T22:26:47.215-04:00 run=1 stage=reconcile_inventory INFO | PASS  G3 census Florida county rows: expected 67, read 67
2026-10-04T22:26:47.215-04:00 run=1 stage=reconcile_inventory INFO | stage reconcile_inventory finished in 0.01s; gate G3 passed
2026-10-04T22:26:47.215-04:00 run=1 stage=transform INFO | start (unit of observation; filler coordinates and STR_VEH 0 -> NULL; census to long format)
2026-10-04T22:26:47.227-04:00 run=1 stage=transform INFO rows_in=718 rows_out=130 | 2020 person -> pedestrian: PER_TYP = 5 and INJ_SEV = 4
2026-10-04T22:26:47.240-04:00 run=1 stage=transform INFO rows_in=263 rows_out=120 | 2020 accident -> crash: crashes with at least one pedestrian fatality; 1 filler coordinate pair(s) (77.7777 / 88.8888 / 99.9999) set to NULL
2026-10-04T22:26:47.247-04:00 run=1 stage=transform INFO rows_in=363 rows_out=137 | 2020 vehicle -> vehicle: in-transport vehicles of those crashes
2026-10-04T22:26:47.257-04:00 run=1 stage=transform INFO rows_in=188 rows_out=130 | 2020 pbtype -> ped_crash_type: typing records of the pedestrian fatalities
2026-10-04T22:26:47.269-04:00 run=1 stage=transform INFO rows_in=707 rows_out=120 | 2021 person -> pedestrian: PER_TYP = 5 and INJ_SEV = 4
2026-10-04T22:26:47.283-04:00 run=1 stage=transform INFO rows_in=272 rows_out=112 | 2021 accident -> crash: crashes with at least one pedestrian fatality; 1 filler coordinate pair(s) (77.7777 / 88.8888 / 99.9999) set to NULL
2026-10-04T22:26:47.293-04:00 run=1 stage=transform INFO rows_in=375 rows_out=128 | 2021 vehicle -> vehicle: in-transport vehicles of those crashes
2026-10-04T22:26:47.304-04:00 run=1 stage=transform INFO rows_in=185 rows_out=120 | 2021 pbtype -> ped_crash_type: typing records of the pedestrian fatalities
2026-10-04T22:26:47.317-04:00 run=1 stage=transform INFO rows_in=608 rows_out=104 | 2022 person -> pedestrian: PER_TYP = 5 and INJ_SEV = 4
2026-10-04T22:26:47.332-04:00 run=1 stage=transform INFO rows_in=246 rows_out=94 | 2022 accident -> crash: crashes with at least one pedestrian fatality; 2 filler coordinate pair(s) (77.7777 / 88.8888 / 99.9999) set to NULL
2026-10-04T22:26:47.340-04:00 run=1 stage=transform INFO rows_in=330 rows_out=104 | 2022 vehicle -> vehicle: in-transport vehicles of those crashes
2026-10-04T22:26:47.352-04:00 run=1 stage=transform INFO rows_in=162 rows_out=104 | 2022 pbtype -> ped_crash_type: typing records of the pedestrian fatalities
2026-10-04T22:26:47.365-04:00 run=1 stage=transform INFO rows_in=730 rows_out=132 | 2023 person -> pedestrian: PER_TYP = 5 and INJ_SEV = 4
2026-10-04T22:26:47.379-04:00 run=1 stage=transform INFO rows_in=278 rows_out=122 | 2023 accident -> crash: crashes with at least one pedestrian fatality; 1 filler coordinate pair(s) (77.7777 / 88.8888 / 99.9999) set to NULL
2026-10-04T22:26:47.386-04:00 run=1 stage=transform INFO rows_in=397 rows_out=148 | 2023 vehicle -> vehicle: in-transport vehicles of those crashes
2026-10-04T22:26:47.398-04:00 run=1 stage=transform INFO rows_in=182 rows_out=132 | 2023 pbtype -> ped_crash_type: typing records of the pedestrian fatalities
2026-10-04T22:26:47.411-04:00 run=1 stage=transform INFO rows_in=631 rows_out=110 | 2024 person -> pedestrian: PER_TYP = 5 and INJ_SEV = 4
2026-10-04T22:26:47.425-04:00 run=1 stage=transform INFO rows_in=245 rows_out=99 | 2024 accident -> crash: crashes with at least one pedestrian fatality; 1 filler coordinate pair(s) (77.7777 / 88.8888 / 99.9999) set to NULL
2026-10-04T22:26:47.431-04:00 run=1 stage=transform INFO rows_in=325 rows_out=113 | 2024 vehicle -> vehicle: in-transport vehicles of those crashes
2026-10-04T22:26:47.443-04:00 run=1 stage=transform INFO rows_in=159 rows_out=110 | 2024 pbtype -> ped_crash_type: typing records of the pedestrian fatalities
2026-10-04T22:26:47.467-04:00 run=1 stage=transform INFO rows_in=67 rows_out=335 | census -> county_population: one row per county and year (vintage 2025)
2026-10-04T22:26:47.468-04:00 run=1 stage=transform INFO | unit totals: crash=547, vehicle=630, pedestrian=596, ped_crash_type=596, county_population=335
2026-10-04T22:26:47.470-04:00 run=1 stage=transform INFO | stage transform finished in 0.26s
2026-10-04T22:26:47.471-04:00 run=1 stage=join_block_groups INFO | start (EPA spatial join for crash.geoid10 (not implemented yet: always skipped with a warning))
2026-10-04T22:26:47.471-04:00 run=1 stage=join_block_groups WARN rows_in=547 rows_out=0 | skipped: the EPA block-group join is not implemented yet, so crash.geoid10 stays NULL for all 547 crashes and the walkability item reads 'unknown' (cleaning plan, issue 5)
2026-10-04T22:26:47.472-04:00 run=1 stage=join_block_groups WARN | stage join_block_groups skipped in 0.00s
2026-10-04T22:26:47.473-04:00 run=1 stage=validate_records INFO | start (pandera: unique keys, no orphans, types, code lists valid for the year, reference tables; failures -> rejected_record)
2026-10-04T22:26:48.092-04:00 run=1 stage=validate_records INFO | PASS  G4 raw file accident: 0 failures
2026-10-04T22:26:48.092-04:00 run=1 stage=validate_records INFO | PASS  G4 raw file vehicle: 0 failures
2026-10-04T22:26:48.093-04:00 run=1 stage=validate_records INFO | PASS  G4 raw file person: 0 failures
2026-10-04T22:26:48.094-04:00 run=1 stage=validate_records INFO | PASS  G4 raw file pbtype: 0 failures
2026-10-04T22:26:48.094-04:00 run=1 stage=validate_records INFO | PASS  G4 record rules crash: 0 failures
2026-10-04T22:26:48.095-04:00 run=1 stage=validate_records INFO | PASS  G4 record rules vehicle: 0 failures
2026-10-04T22:26:48.095-04:00 run=1 stage=validate_records INFO | PASS  G4 record rules pedestrian: 0 failures
2026-10-04T22:26:48.096-04:00 run=1 stage=validate_records INFO | PASS  G4 record rules ped_crash_type: 0 failures
2026-10-04T22:26:48.097-04:00 run=1 stage=validate_records INFO | PASS  G4 record rules county_population: 0 failures
2026-10-04T22:26:48.097-04:00 run=1 stage=validate_records INFO rows_in=10068 rows_out=10068 | record-level rules applied to 10,068 rows; 0 record(s) rejected (0 rule failure(s)) into rejected_record
2026-10-04T22:26:48.097-04:00 run=1 stage=validate_records INFO | stage validate_records finished in 0.62s; gate G4 passed
2026-10-04T22:26:48.098-04:00 run=1 stage=reconcile_unit INFO | start (pedestrian fatalities and crashes per year equal the published totals)
2026-10-04T22:26:48.099-04:00 run=1 stage=reconcile_unit INFO | PASS  G5 2020 ped_fatalities: expected (Week 6 profile / published) 130, derived 130
2026-10-04T22:26:48.100-04:00 run=1 stage=reconcile_unit INFO | PASS  G5 2020 crashes_with_ped_fatality: expected (Week 6 profile / published) 120, derived 120
2026-10-04T22:26:48.101-04:00 run=1 stage=reconcile_unit INFO | PASS  G5 2021 ped_fatalities: expected (Week 6 profile / published) 120, derived 120
2026-10-04T22:26:48.102-04:00 run=1 stage=reconcile_unit INFO | PASS  G5 2021 crashes_with_ped_fatality: expected (Week 6 profile / published) 112, derived 112
2026-10-04T22:26:48.103-04:00 run=1 stage=reconcile_unit INFO | PASS  G5 2022 ped_fatalities: expected (Week 6 profile / published) 104, derived 104
2026-10-04T22:26:48.104-04:00 run=1 stage=reconcile_unit INFO | PASS  G5 2022 crashes_with_ped_fatality: expected (Week 6 profile / published) 94, derived 94
2026-10-04T22:26:48.105-04:00 run=1 stage=reconcile_unit INFO | PASS  G5 2023 ped_fatalities: expected (Week 6 profile / published) 132, derived 132
2026-10-04T22:26:48.106-04:00 run=1 stage=reconcile_unit INFO | PASS  G5 2023 crashes_with_ped_fatality: expected (Week 6 profile / published) 122, derived 122
2026-10-04T22:26:48.106-04:00 run=1 stage=reconcile_unit INFO | PASS  G5 2024 ped_fatalities: expected (Week 6 profile / published) 110, derived 110
2026-10-04T22:26:48.107-04:00 run=1 stage=reconcile_unit INFO | PASS  G5 2024 crashes_with_ped_fatality: expected (Week 6 profile / published) 99, derived 99
2026-10-04T22:26:48.107-04:00 run=1 stage=reconcile_unit INFO | stage reconcile_unit finished in 0.01s; gate G5 passed
2026-10-04T22:26:48.108-04:00 run=1 stage=load INFO | start (ONE transaction: delete 2020-2024, insert, run the deferred triggers)
2026-10-04T22:26:48.142-04:00 run=1 stage=load INFO rows_in=0 rows_out=120 | 2020 crash: deleted 0 row(s) of the previous load, inserted 120
2026-10-04T22:26:48.145-04:00 run=1 stage=load INFO rows_in=0 rows_out=112 | 2021 crash: deleted 0 row(s) of the previous load, inserted 112
2026-10-04T22:26:48.147-04:00 run=1 stage=load INFO rows_in=0 rows_out=94 | 2022 crash: deleted 0 row(s) of the previous load, inserted 94
2026-10-04T22:26:48.148-04:00 run=1 stage=load INFO rows_in=0 rows_out=122 | 2023 crash: deleted 0 row(s) of the previous load, inserted 122
2026-10-04T22:26:48.149-04:00 run=1 stage=load INFO rows_in=0 rows_out=99 | 2024 crash: deleted 0 row(s) of the previous load, inserted 99
2026-10-04T22:26:48.162-04:00 run=1 stage=load INFO rows_in=0 rows_out=137 | 2020 vehicle: deleted 0 row(s) of the previous load, inserted 137
2026-10-04T22:26:48.164-04:00 run=1 stage=load INFO rows_in=0 rows_out=128 | 2021 vehicle: deleted 0 row(s) of the previous load, inserted 128
2026-10-04T22:26:48.166-04:00 run=1 stage=load INFO rows_in=0 rows_out=104 | 2022 vehicle: deleted 0 row(s) of the previous load, inserted 104
2026-10-04T22:26:48.166-04:00 run=1 stage=load INFO rows_in=0 rows_out=148 | 2023 vehicle: deleted 0 row(s) of the previous load, inserted 148
2026-10-04T22:26:48.167-04:00 run=1 stage=load INFO rows_in=0 rows_out=113 | 2024 vehicle: deleted 0 row(s) of the previous load, inserted 113
2026-10-04T22:26:48.188-04:00 run=1 stage=load INFO rows_in=0 rows_out=130 | 2020 pedestrian: deleted 0 row(s) of the previous load, inserted 130
2026-10-04T22:26:48.190-04:00 run=1 stage=load INFO rows_in=0 rows_out=120 | 2021 pedestrian: deleted 0 row(s) of the previous load, inserted 120
2026-10-04T22:26:48.192-04:00 run=1 stage=load INFO rows_in=0 rows_out=104 | 2022 pedestrian: deleted 0 row(s) of the previous load, inserted 104
2026-10-04T22:26:48.193-04:00 run=1 stage=load INFO rows_in=0 rows_out=132 | 2023 pedestrian: deleted 0 row(s) of the previous load, inserted 132
2026-10-04T22:26:48.194-04:00 run=1 stage=load INFO rows_in=0 rows_out=110 | 2024 pedestrian: deleted 0 row(s) of the previous load, inserted 110
2026-10-04T22:26:48.213-04:00 run=1 stage=load INFO rows_in=0 rows_out=130 | 2020 ped_crash_type: deleted 0 row(s) of the previous load, inserted 130
2026-10-04T22:26:48.216-04:00 run=1 stage=load INFO rows_in=0 rows_out=120 | 2021 ped_crash_type: deleted 0 row(s) of the previous load, inserted 120
2026-10-04T22:26:48.218-04:00 run=1 stage=load INFO rows_in=0 rows_out=104 | 2022 ped_crash_type: deleted 0 row(s) of the previous load, inserted 104
2026-10-04T22:26:48.219-04:00 run=1 stage=load INFO rows_in=0 rows_out=132 | 2023 ped_crash_type: deleted 0 row(s) of the previous load, inserted 132
2026-10-04T22:26:48.220-04:00 run=1 stage=load INFO rows_in=0 rows_out=110 | 2024 ped_crash_type: deleted 0 row(s) of the previous load, inserted 110
2026-10-04T22:26:48.229-04:00 run=1 stage=load INFO rows_in=0 rows_out=67 | 2020 county_population: deleted 0 row(s) of the previous load, inserted 67
2026-10-04T22:26:48.231-04:00 run=1 stage=load INFO rows_in=0 rows_out=67 | 2021 county_population: deleted 0 row(s) of the previous load, inserted 67
2026-10-04T22:26:48.232-04:00 run=1 stage=load INFO rows_in=0 rows_out=67 | 2022 county_population: deleted 0 row(s) of the previous load, inserted 67
2026-10-04T22:26:48.233-04:00 run=1 stage=load INFO rows_in=0 rows_out=67 | 2023 county_population: deleted 0 row(s) of the previous load, inserted 67
2026-10-04T22:26:48.234-04:00 run=1 stage=load INFO rows_in=0 rows_out=67 | 2024 county_population: deleted 0 row(s) of the previous load, inserted 67
2026-10-04T22:26:48.248-04:00 run=1 stage=load INFO | deferred cardinality triggers passed (every crash has a pedestrian and a vehicle); transaction still open
2026-10-04T22:26:48.250-04:00 run=1 stage=load INFO | stage load finished in 0.14s
2026-10-04T22:26:48.251-04:00 run=1 stage=verify_load INFO | start (post-load checks inside the same transaction; if all blocking checks pass, etl_run = succeeded and COMMIT)
2026-10-04T22:26:48.254-04:00 run=1 stage=verify_load INFO | PASS  G6 crash rows per year = rows prepared: 2020: 120, 2021: 112, 2022: 94, 2023: 122, 2024: 99
2026-10-04T22:26:48.256-04:00 run=1 stage=verify_load INFO | PASS  G6 crash no duplicate keys: 0 duplicate key(s)
2026-10-04T22:26:48.258-04:00 run=1 stage=verify_load INFO | PASS  G6 vehicle rows per year = rows prepared: 2020: 137, 2021: 128, 2022: 104, 2023: 148, 2024: 113
2026-10-04T22:26:48.261-04:00 run=1 stage=verify_load INFO | PASS  G6 vehicle no duplicate keys: 0 duplicate key(s)
2026-10-04T22:26:48.264-04:00 run=1 stage=verify_load INFO | PASS  G6 pedestrian rows per year = rows prepared: 2020: 130, 2021: 120, 2022: 104, 2023: 132, 2024: 110
2026-10-04T22:26:48.267-04:00 run=1 stage=verify_load INFO | PASS  G6 pedestrian no duplicate keys: 0 duplicate key(s)
2026-10-04T22:26:48.269-04:00 run=1 stage=verify_load INFO | PASS  G6 ped_crash_type rows per year = rows prepared: 2020: 130, 2021: 120, 2022: 104, 2023: 132, 2024: 110
2026-10-04T22:26:48.271-04:00 run=1 stage=verify_load INFO | PASS  G6 ped_crash_type no duplicate keys: 0 duplicate key(s)
2026-10-04T22:26:48.273-04:00 run=1 stage=verify_load INFO | PASS  G6 county_population rows per year = rows prepared: 2020: 67, 2021: 67, 2022: 67, 2023: 67, 2024: 67
2026-10-04T22:26:48.275-04:00 run=1 stage=verify_load INFO | PASS  G6 county_population no duplicate keys: 0 duplicate key(s)
2026-10-04T22:26:48.276-04:00 run=1 stage=verify_load INFO | PASS  G6 2020 pedestrian rows = expected total: expected 130, table 130
2026-10-04T22:26:48.278-04:00 run=1 stage=verify_load INFO | PASS  G6 2021 pedestrian rows = expected total: expected 120, table 120
2026-10-04T22:26:48.279-04:00 run=1 stage=verify_load INFO | PASS  G6 2022 pedestrian rows = expected total: expected 104, table 104
2026-10-04T22:26:48.280-04:00 run=1 stage=verify_load INFO | PASS  G6 2023 pedestrian rows = expected total: expected 132, table 132
2026-10-04T22:26:48.281-04:00 run=1 stage=verify_load INFO | PASS  G6 2024 pedestrian rows = expected total: expected 110, table 110
2026-10-04T22:26:48.283-04:00 run=1 stage=verify_load INFO | PASS  G6 v_dq_count_mismatch returns no rows: 0 row(s)
2026-10-04T22:26:48.291-04:00 run=1 stage=verify_load INFO | PASS  G6 v_dq_unlabeled_code returns no rows: 0 row(s)
2026-10-04T22:26:48.292-04:00 run=1 stage=verify_load INFO | PASS  G6 v_dq_population_gap returns no rows: 0 row(s)
2026-10-04T22:26:48.294-04:00 run=1 stage=verify_load INFO | PASS  G6 v_dq_county_block_group_mismatch returns no rows: 0 row(s)
2026-10-04T22:26:48.296-04:00 run=1 stage=verify_load INFO | PASS  G6 v_dq_missing_typing returns no rows (warning only): 0 row(s)
2026-10-04T22:26:48.297-04:00 run=1 stage=verify_load INFO | PASS  G6 v_dq_no_striking_vehicle returns no rows (warning only): 0 row(s)
2026-10-04T22:26:48.299-04:00 run=1 stage=verify_load INFO | PASS  G6 every crash has >= 1 pedestrian and >= 1 vehicle: 0 crash(es) without
2026-10-04T22:26:48.302-04:00 run=1 stage=verify_load INFO | PASS  G6 county rates cover every death: 596 in v_county_rate, 596 pedestrian rows
2026-10-04T22:26:48.304-04:00 run=1 stage=verify_load INFO | PASS  G6 lineage: 5 FARS source_file rows for this run, 2024 release recorded: 5 FARS file(s); 2024 release = Annual Report File
2026-10-04T22:26:48.306-04:00 run=1 stage=verify_load WARN | WARN  G6 share of crashes with a block group >= 90% (warning only): 0.0% (EPA join not run yet)
2026-10-04T22:26:48.307-04:00 run=1 stage=verify_load INFO | RUR_URB not reported, % of deaths by year (cleaning plan, issue 2): 2020: 0.8, 2021: 0.0, 2022: 0.0, 2023: 2.3, 2024: 3.6
2026-10-04T22:26:48.310-04:00 run=1 stage=verify_load INFO | all post-load checks passed: load transaction COMMITTED, etl_run status = succeeded
2026-10-04T22:26:48.311-04:00 run=1 stage=verify_load INFO | stage verify_load finished in 0.06s; gate G6 passed
2026-10-04T22:26:48.312-04:00 run=1 stage=finalize INFO | start (report only: row counts, content fingerprints, lineage lines)
2026-10-04T22:26:48.319-04:00 run=1 stage=finalize INFO rows_out=547 | crash: 547 rows, content md5 2e8235061c968b2a8c1f5658e4a9b21a
2026-10-04T22:26:48.320-04:00 run=1 stage=finalize INFO rows_out=630 | vehicle: 630 rows, content md5 8ec4676fa910156705a67022a36c1537
2026-10-04T22:26:48.321-04:00 run=1 stage=finalize INFO rows_out=596 | pedestrian: 596 rows, content md5 52d6d56c153e98ce122e76add60d8b50
2026-10-04T22:26:48.322-04:00 run=1 stage=finalize INFO rows_out=596 | ped_crash_type: 596 rows, content md5 f58bd3ea79b8c504cffe29dbe8a85ccc
2026-10-04T22:26:48.322-04:00 run=1 stage=finalize INFO rows_out=335 | county_population: 335 rows, content md5 84cbd56a35e4499105a8db9b4d138635
2026-10-04T22:26:48.323-04:00 run=1 stage=finalize INFO | fingerprint of the data tables after the run: c0656528b64a4e34ba381d7f356635ef
2026-10-04T22:26:48.325-04:00 run=1 stage=finalize INFO | lineage 2020: FARS2020NationalCSV.zip sha256 ee66bdb47ab1 (Final) -> person 1,220 national -> 718 Florida -> 130 pedestrian fatalities loaded
2026-10-04T22:26:48.326-04:00 run=1 stage=finalize INFO | lineage 2021: FARS2021NationalCSV.zip sha256 cb71e777efb4 (Final) -> person 1,205 national -> 707 Florida -> 120 pedestrian fatalities loaded
2026-10-04T22:26:48.327-04:00 run=1 stage=finalize INFO | lineage 2022: FARS2022NationalCSV.zip sha256 e543adcea0c6 (Final) -> person 1,102 national -> 608 Florida -> 104 pedestrian fatalities loaded
2026-10-04T22:26:48.328-04:00 run=1 stage=finalize INFO | lineage 2023: FARS2023NationalCSV.zip sha256 beee2e3bb577 (Final) -> person 1,209 national -> 730 Florida -> 132 pedestrian fatalities loaded
2026-10-04T22:26:48.330-04:00 run=1 stage=finalize INFO | lineage 2024: FARS2024NationalCSV.zip sha256 6532260bed84 (Annual Report File) -> person 1,114 national -> 631 Florida -> 110 pedestrian fatalities loaded
2026-10-04T22:26:48.331-04:00 run=1 stage=finalize INFO | stage finalize finished in 0.02s
2026-10-04T22:26:48.331-04:00 run=1 stage=end INFO | RUN 1 SUCCEEDED; log file data/interim/week7/logs/run_0001_20261004T222646.log
[exit code 0]

--- tables after this scenario ---
$ python pipeline/etl.py snapshot
table             | rows | 2020 | 2021 | 2022 | 2023 | 2024 | content md5 
------------------+------+------+------+------+------+------+-------------
crash             | 547  | 120  | 112  | 94   | 122  | 99   | 2e8235061c96
vehicle           | 630  | 137  | 128  | 104  | 148  | 113  | 8ec4676fa910
pedestrian        | 596  | 130  | 120  | 104  | 132  | 110  | 52d6d56c153e
ped_crash_type    | 596  | 130  | 120  | 104  | 132  | 110  | f58bd3ea79b8
county_population | 335  | 67   | 67   | 67   | 67   | 67   | 84cbd56a35e4
fingerprint of all data tables: c0656528b64a4e34ba381d7f356635ef
[exit code 0]

CHECK PASS  exit code 0: exit 0
CHECK PASS  run 1 recorded as succeeded: etl_run 1
