# Scenario 5: the process dies inside the load transaction
# input: SYNTHETIC files from tools/make_synthetic_raw.py (not real FARS rows)
# expected outcome: exit 70 after stage load (before COMMIT); PostgreSQL rolls back; etl_run row left 'running'; tables unchanged
# recorded 2026-10-04T21:28:13-04:00

$ python pipeline/etl.py run --raw-dir data/synthetic/clean --sources data/synthetic/clean/sources.csv --expected data/synthetic/clean/expected_counts.csv --log-dir data/interim/week7/logs --simulate-crash-after load   # fault injection
2026-10-04T21:28:14.639-04:00 run=- stage=preflight INFO | start (connect, take the run lock, close abandoned runs, open the etl_run row)
2026-10-04T21:28:14.661-04:00 run=5 stage=preflight INFO | run 5 started 2026-10-04T21:28:14-04:00; git commit eb78b61b9580233bc8fc328898151c882464001b (working tree has uncommitted changes)
2026-10-04T21:28:14.663-04:00 run=5 stage=preflight INFO | inputs: raw dir data/synthetic/clean; sources data/synthetic/clean/sources.csv; expected counts data/synthetic/clean/expected_counts.csv
2026-10-04T21:28:14.671-04:00 run=5 stage=preflight INFO | data tables before the run: crash=547, vehicle=630, pedestrian=596, ped_crash_type=596, county_population=335; fingerprint c0656528b64a
2026-10-04T21:28:14.672-04:00 run=5 stage=preflight INFO | stage preflight finished in 0.03s
2026-10-04T21:28:14.673-04:00 run=5 stage=verify_sources INFO | start (every input file present; size and SHA-256 equal to sources.csv)
2026-10-04T21:28:14.674-04:00 run=5 stage=verify_sources INFO | PASS  G1 sources.csv lists FARS 2020-2024 and the Census file: FARS years [2020, 2021, 2022, 2023, 2024]; census yes
2026-10-04T21:28:14.675-04:00 run=5 stage=verify_sources INFO | PASS  G1 sha256 FARS2020NationalCSV.zip: expected ee66bdb47ab151b2... (35,023 bytes), found ee66bdb47ab151b2... (35,023 bytes)
2026-10-04T21:28:14.676-04:00 run=5 stage=verify_sources INFO | PASS  G1 sha256 FARS2021NationalCSV.zip: expected cb71e777efb47a3a... (35,155 bytes), found cb71e777efb47a3a... (35,155 bytes)
2026-10-04T21:28:14.677-04:00 run=5 stage=verify_sources INFO | PASS  G1 sha256 FARS2022NationalCSV.zip: expected e543adcea0c609ef... (33,417 bytes), found e543adcea0c609ef... (33,417 bytes)
2026-10-04T21:28:14.678-04:00 run=5 stage=verify_sources INFO | PASS  G1 sha256 FARS2023NationalCSV.zip: expected beee2e3bb57710c4... (36,198 bytes), found beee2e3bb57710c4... (36,198 bytes)
2026-10-04T21:28:14.679-04:00 run=5 stage=verify_sources INFO | PASS  G1 sha256 FARS2024NationalCSV.zip: expected 6532260bed847f4c... (33,624 bytes), found 6532260bed847f4c... (33,624 bytes)
2026-10-04T21:28:14.679-04:00 run=5 stage=verify_sources INFO | PASS  G1 sha256 co-est2025-alldata.csv: expected 5c45fd72b6545625... (8,159 bytes), found 5c45fd72b6545625... (8,159 bytes)
2026-10-04T21:28:14.683-04:00 run=5 stage=verify_sources INFO rows_in=6 rows_out=6 | 6 input files verified against sources.csv and recorded in source_file
2026-10-04T21:28:14.683-04:00 run=5 stage=verify_sources INFO | stage verify_sources finished in 0.01s; gate G1 passed
2026-10-04T21:28:14.684-04:00 run=5 stage=extract INFO | start (read the CSV members from the zips (UTF-8, cp1252 fallback); required columns present; keep STATE = 12)
2026-10-04T21:28:14.698-04:00 run=5 stage=extract INFO | PASS  G2 2020 accident.csv required columns: 16 columns present (cp1252)
2026-10-04T21:28:14.700-04:00 run=5 stage=extract INFO rows_in=460 rows_out=263 | 2020 accident.csv: kept STATE = 12 (encoding cp1252)
2026-10-04T21:28:14.707-04:00 run=5 stage=extract INFO | PASS  G2 2020 vehicle.csv required columns: 6 columns present (utf-8)
2026-10-04T21:28:14.708-04:00 run=5 stage=extract INFO rows_in=651 rows_out=363 | 2020 vehicle.csv: kept STATE = 12 (encoding utf-8)
2026-10-04T21:28:14.718-04:00 run=5 stage=extract INFO | PASS  G2 2020 person.csv required columns: 10 columns present (utf-8)
2026-10-04T21:28:14.721-04:00 run=5 stage=extract INFO rows_in=1220 rows_out=718 | 2020 person.csv: kept STATE = 12 (encoding utf-8)
2026-10-04T21:28:14.727-04:00 run=5 stage=extract INFO | PASS  G2 2020 pbtype.csv required columns: 9 columns present (cp1252)
2026-10-04T21:28:14.729-04:00 run=5 stage=extract INFO rows_in=290 rows_out=188 | 2020 pbtype.csv: kept STATE = 12 (encoding cp1252)
2026-10-04T21:28:14.739-04:00 run=5 stage=extract INFO | PASS  G2 2021 accident.csv required columns: 16 columns present (utf-8)
2026-10-04T21:28:14.741-04:00 run=5 stage=extract INFO rows_in=469 rows_out=272 | 2021 accident.csv: kept STATE = 12 (encoding utf-8)
2026-10-04T21:28:14.748-04:00 run=5 stage=extract INFO | PASS  G2 2021 vehicle.csv required columns: 6 columns present (utf-8)
2026-10-04T21:28:14.750-04:00 run=5 stage=extract INFO rows_in=667 rows_out=375 | 2021 vehicle.csv: kept STATE = 12 (encoding utf-8)
2026-10-04T21:28:14.760-04:00 run=5 stage=extract INFO | PASS  G2 2021 person.csv required columns: 10 columns present (utf-8)
2026-10-04T21:28:14.762-04:00 run=5 stage=extract INFO rows_in=1205 rows_out=707 | 2021 person.csv: kept STATE = 12 (encoding utf-8)
2026-10-04T21:28:14.769-04:00 run=5 stage=extract INFO | PASS  G2 2021 pbtype.csv required columns: 9 columns present (utf-8)
2026-10-04T21:28:14.770-04:00 run=5 stage=extract INFO rows_in=278 rows_out=185 | 2021 pbtype.csv: kept STATE = 12 (encoding utf-8)
2026-10-04T21:28:14.782-04:00 run=5 stage=extract INFO | PASS  G2 2022 accident.csv required columns: 16 columns present (utf-8)
2026-10-04T21:28:14.784-04:00 run=5 stage=extract INFO rows_in=445 rows_out=246 | 2022 accident.csv: kept STATE = 12 (encoding utf-8)
2026-10-04T21:28:14.790-04:00 run=5 stage=extract INFO | PASS  G2 2022 vehicle.csv required columns: 6 columns present (utf-8)
2026-10-04T21:28:14.791-04:00 run=5 stage=extract INFO rows_in=617 rows_out=330 | 2022 vehicle.csv: kept STATE = 12 (encoding utf-8)
2026-10-04T21:28:14.805-04:00 run=5 stage=extract INFO | PASS  G2 2022 person.csv required columns: 10 columns present (utf-8)
2026-10-04T21:28:14.808-04:00 run=5 stage=extract INFO rows_in=1102 rows_out=608 | 2022 person.csv: kept STATE = 12 (encoding utf-8)
2026-10-04T21:28:14.818-04:00 run=5 stage=extract INFO | PASS  G2 2022 pbtype.csv required columns: 9 columns present (utf-8)
2026-10-04T21:28:14.820-04:00 run=5 stage=extract INFO rows_in=253 rows_out=162 | 2022 pbtype.csv: kept STATE = 12 (encoding utf-8)
2026-10-04T21:28:14.838-04:00 run=5 stage=extract INFO | PASS  G2 2023 accident.csv required columns: 16 columns present (utf-8)
2026-10-04T21:28:14.842-04:00 run=5 stage=extract INFO rows_in=479 rows_out=278 | 2023 accident.csv: kept STATE = 12 (encoding utf-8)
2026-10-04T21:28:14.851-04:00 run=5 stage=extract INFO | PASS  G2 2023 vehicle.csv required columns: 6 columns present (utf-8)
2026-10-04T21:28:14.853-04:00 run=5 stage=extract INFO rows_in=692 rows_out=397 | 2023 vehicle.csv: kept STATE = 12 (encoding utf-8)
2026-10-04T21:28:14.866-04:00 run=5 stage=extract INFO | PASS  G2 2023 person.csv required columns: 10 columns present (utf-8)
2026-10-04T21:28:14.870-04:00 run=5 stage=extract INFO rows_in=1209 rows_out=730 | 2023 person.csv: kept STATE = 12 (encoding utf-8)
2026-10-04T21:28:14.879-04:00 run=5 stage=extract INFO | PASS  G2 2023 pbtype.csv required columns: 9 columns present (utf-8)
2026-10-04T21:28:14.881-04:00 run=5 stage=extract INFO rows_in=265 rows_out=182 | 2023 pbtype.csv: kept STATE = 12 (encoding utf-8)
2026-10-04T21:28:14.893-04:00 run=5 stage=extract INFO | PASS  G2 2024 accident.csv required columns: 16 columns present (utf-8)
2026-10-04T21:28:14.895-04:00 run=5 stage=extract INFO rows_in=452 rows_out=245 | 2024 accident.csv: kept STATE = 12 (encoding utf-8)
2026-10-04T21:28:14.901-04:00 run=5 stage=extract INFO | PASS  G2 2024 vehicle.csv required columns: 6 columns present (utf-8)
2026-10-04T21:28:14.903-04:00 run=5 stage=extract INFO rows_in=618 rows_out=325 | 2024 vehicle.csv: kept STATE = 12 (encoding utf-8)
2026-10-04T21:28:14.911-04:00 run=5 stage=extract INFO | PASS  G2 2024 person.csv required columns: 10 columns present (utf-8)
2026-10-04T21:28:14.913-04:00 run=5 stage=extract INFO rows_in=1114 rows_out=631 | 2024 person.csv: kept STATE = 12 (encoding utf-8)
2026-10-04T21:28:14.920-04:00 run=5 stage=extract INFO | PASS  G2 2024 pbtype.csv required columns: 9 columns present (utf-8)
2026-10-04T21:28:14.922-04:00 run=5 stage=extract INFO rows_in=245 rows_out=159 | 2024 pbtype.csv: kept STATE = 12 (encoding utf-8)
2026-10-04T21:28:14.928-04:00 run=5 stage=extract INFO | PASS  G2 census required columns: 9 columns present (latin-1)
2026-10-04T21:28:14.930-04:00 run=5 stage=extract INFO rows_in=79 rows_out=67 | census: kept SUMLEV 050 and STATE 12 (encoding latin-1; the state summary row is dropped)
2026-10-04T21:28:14.931-04:00 run=5 stage=extract INFO | stage extract finished in 0.25s; gate G2 passed
2026-10-04T21:28:14.932-04:00 run=5 stage=reconcile_inventory INFO | start (Florida rows per member equal expected_counts.csv)
2026-10-04T21:28:14.932-04:00 run=5 stage=reconcile_inventory INFO | PASS  G3 2020 accident Florida rows: expected 263, read 263
2026-10-04T21:28:14.933-04:00 run=5 stage=reconcile_inventory INFO | PASS  G3 2020 vehicle Florida rows: expected 363, read 363
2026-10-04T21:28:14.933-04:00 run=5 stage=reconcile_inventory INFO | PASS  G3 2020 person Florida rows: expected 718, read 718
2026-10-04T21:28:14.934-04:00 run=5 stage=reconcile_inventory INFO | PASS  G3 2020 pbtype Florida rows: expected 188, read 188
2026-10-04T21:28:14.934-04:00 run=5 stage=reconcile_inventory INFO | PASS  G3 2021 accident Florida rows: expected 272, read 272
2026-10-04T21:28:14.934-04:00 run=5 stage=reconcile_inventory INFO | PASS  G3 2021 vehicle Florida rows: expected 375, read 375
2026-10-04T21:28:14.935-04:00 run=5 stage=reconcile_inventory INFO | PASS  G3 2021 person Florida rows: expected 707, read 707
2026-10-04T21:28:14.935-04:00 run=5 stage=reconcile_inventory INFO | PASS  G3 2021 pbtype Florida rows: expected 185, read 185
2026-10-04T21:28:14.936-04:00 run=5 stage=reconcile_inventory INFO | PASS  G3 2022 accident Florida rows: expected 246, read 246
2026-10-04T21:28:14.936-04:00 run=5 stage=reconcile_inventory INFO | PASS  G3 2022 vehicle Florida rows: expected 330, read 330
2026-10-04T21:28:14.937-04:00 run=5 stage=reconcile_inventory INFO | PASS  G3 2022 person Florida rows: expected 608, read 608
2026-10-04T21:28:14.937-04:00 run=5 stage=reconcile_inventory INFO | PASS  G3 2022 pbtype Florida rows: expected 162, read 162
2026-10-04T21:28:14.938-04:00 run=5 stage=reconcile_inventory INFO | PASS  G3 2023 accident Florida rows: expected 278, read 278
2026-10-04T21:28:14.938-04:00 run=5 stage=reconcile_inventory INFO | PASS  G3 2023 vehicle Florida rows: expected 397, read 397
2026-10-04T21:28:14.938-04:00 run=5 stage=reconcile_inventory INFO | PASS  G3 2023 person Florida rows: expected 730, read 730
2026-10-04T21:28:14.939-04:00 run=5 stage=reconcile_inventory INFO | PASS  G3 2023 pbtype Florida rows: expected 182, read 182
2026-10-04T21:28:14.939-04:00 run=5 stage=reconcile_inventory INFO | PASS  G3 2024 accident Florida rows: expected 245, read 245
2026-10-04T21:28:14.940-04:00 run=5 stage=reconcile_inventory INFO | PASS  G3 2024 vehicle Florida rows: expected 325, read 325
2026-10-04T21:28:14.940-04:00 run=5 stage=reconcile_inventory INFO | PASS  G3 2024 person Florida rows: expected 631, read 631
2026-10-04T21:28:14.941-04:00 run=5 stage=reconcile_inventory INFO | PASS  G3 2024 pbtype Florida rows: expected 159, read 159
2026-10-04T21:28:14.941-04:00 run=5 stage=reconcile_inventory INFO | PASS  G3 census Florida county rows: expected 67, read 67
2026-10-04T21:28:14.941-04:00 run=5 stage=reconcile_inventory INFO | stage reconcile_inventory finished in 0.01s; gate G3 passed
2026-10-04T21:28:14.942-04:00 run=5 stage=transform INFO | start (unit of observation; filler coordinates and STR_VEH 0 -> NULL; census to long format)
2026-10-04T21:28:14.954-04:00 run=5 stage=transform INFO rows_in=718 rows_out=130 | 2020 person -> pedestrian: PER_TYP = 5 and INJ_SEV = 4
2026-10-04T21:28:14.968-04:00 run=5 stage=transform INFO rows_in=263 rows_out=120 | 2020 accident -> crash: crashes with at least one pedestrian fatality; 1 filler coordinate pair(s) (77.7777 / 88.8888 / 99.9999) set to NULL
2026-10-04T21:28:14.974-04:00 run=5 stage=transform INFO rows_in=363 rows_out=137 | 2020 vehicle -> vehicle: in-transport vehicles of those crashes
2026-10-04T21:28:14.985-04:00 run=5 stage=transform INFO rows_in=188 rows_out=130 | 2020 pbtype -> ped_crash_type: typing records of the pedestrian fatalities
2026-10-04T21:28:14.999-04:00 run=5 stage=transform INFO rows_in=707 rows_out=120 | 2021 person -> pedestrian: PER_TYP = 5 and INJ_SEV = 4
2026-10-04T21:28:15.014-04:00 run=5 stage=transform INFO rows_in=272 rows_out=112 | 2021 accident -> crash: crashes with at least one pedestrian fatality; 1 filler coordinate pair(s) (77.7777 / 88.8888 / 99.9999) set to NULL
2026-10-04T21:28:15.021-04:00 run=5 stage=transform INFO rows_in=375 rows_out=128 | 2021 vehicle -> vehicle: in-transport vehicles of those crashes
2026-10-04T21:28:15.035-04:00 run=5 stage=transform INFO rows_in=185 rows_out=120 | 2021 pbtype -> ped_crash_type: typing records of the pedestrian fatalities
2026-10-04T21:28:15.049-04:00 run=5 stage=transform INFO rows_in=608 rows_out=104 | 2022 person -> pedestrian: PER_TYP = 5 and INJ_SEV = 4
2026-10-04T21:28:15.066-04:00 run=5 stage=transform INFO rows_in=246 rows_out=94 | 2022 accident -> crash: crashes with at least one pedestrian fatality; 2 filler coordinate pair(s) (77.7777 / 88.8888 / 99.9999) set to NULL
2026-10-04T21:28:15.075-04:00 run=5 stage=transform INFO rows_in=330 rows_out=104 | 2022 vehicle -> vehicle: in-transport vehicles of those crashes
2026-10-04T21:28:15.086-04:00 run=5 stage=transform INFO rows_in=162 rows_out=104 | 2022 pbtype -> ped_crash_type: typing records of the pedestrian fatalities
2026-10-04T21:28:15.099-04:00 run=5 stage=transform INFO rows_in=730 rows_out=132 | 2023 person -> pedestrian: PER_TYP = 5 and INJ_SEV = 4
2026-10-04T21:28:15.113-04:00 run=5 stage=transform INFO rows_in=278 rows_out=122 | 2023 accident -> crash: crashes with at least one pedestrian fatality; 1 filler coordinate pair(s) (77.7777 / 88.8888 / 99.9999) set to NULL
2026-10-04T21:28:15.120-04:00 run=5 stage=transform INFO rows_in=397 rows_out=148 | 2023 vehicle -> vehicle: in-transport vehicles of those crashes
2026-10-04T21:28:15.133-04:00 run=5 stage=transform INFO rows_in=182 rows_out=132 | 2023 pbtype -> ped_crash_type: typing records of the pedestrian fatalities
2026-10-04T21:28:15.145-04:00 run=5 stage=transform INFO rows_in=631 rows_out=110 | 2024 person -> pedestrian: PER_TYP = 5 and INJ_SEV = 4
2026-10-04T21:28:15.158-04:00 run=5 stage=transform INFO rows_in=245 rows_out=99 | 2024 accident -> crash: crashes with at least one pedestrian fatality; 1 filler coordinate pair(s) (77.7777 / 88.8888 / 99.9999) set to NULL
2026-10-04T21:28:15.165-04:00 run=5 stage=transform INFO rows_in=325 rows_out=113 | 2024 vehicle -> vehicle: in-transport vehicles of those crashes
2026-10-04T21:28:15.177-04:00 run=5 stage=transform INFO rows_in=159 rows_out=110 | 2024 pbtype -> ped_crash_type: typing records of the pedestrian fatalities
2026-10-04T21:28:15.191-04:00 run=5 stage=transform INFO rows_in=67 rows_out=335 | census -> county_population: one row per county and year (vintage 2025)
2026-10-04T21:28:15.193-04:00 run=5 stage=transform INFO | unit totals: crash=547, vehicle=630, pedestrian=596, ped_crash_type=596, county_population=335
2026-10-04T21:28:15.194-04:00 run=5 stage=transform INFO | stage transform finished in 0.25s
2026-10-04T21:28:15.195-04:00 run=5 stage=join_block_groups INFO | start (EPA spatial join for crash.geoid10 (skipped until the EPA file is in sources.csv))
2026-10-04T21:28:15.195-04:00 run=5 stage=join_block_groups WARN rows_in=547 rows_out=0 | skipped: the EPA Smart Location Database is not in sources.csv yet, so crash.geoid10 stays NULL for all 547 crashes and the walkability item reads 'unknown' (cleaning plan, issue 5)
2026-10-04T21:28:15.196-04:00 run=5 stage=join_block_groups WARN | stage join_block_groups skipped in 0.00s
2026-10-04T21:28:15.197-04:00 run=5 stage=validate_records INFO | start (pandera: unique keys, no orphans, types, code lists valid for the year, reference tables; failures -> rejected_record)
2026-10-04T21:28:15.538-04:00 run=5 stage=validate_records INFO | PASS  G4 raw keys accident: 0 rejected
2026-10-04T21:28:15.539-04:00 run=5 stage=validate_records INFO | PASS  G4 raw keys vehicle: 0 rejected
2026-10-04T21:28:15.540-04:00 run=5 stage=validate_records INFO | PASS  G4 raw keys person: 0 rejected
2026-10-04T21:28:15.541-04:00 run=5 stage=validate_records INFO | PASS  G4 raw keys pbtype: 0 rejected
2026-10-04T21:28:15.542-04:00 run=5 stage=validate_records INFO | PASS  G4 record rules crash: 0 rejected
2026-10-04T21:28:15.543-04:00 run=5 stage=validate_records INFO | PASS  G4 record rules vehicle: 0 rejected
2026-10-04T21:28:15.543-04:00 run=5 stage=validate_records INFO | PASS  G4 record rules pedestrian: 0 rejected
2026-10-04T21:28:15.544-04:00 run=5 stage=validate_records INFO | PASS  G4 record rules ped_crash_type: 0 rejected
2026-10-04T21:28:15.545-04:00 run=5 stage=validate_records INFO | PASS  G4 record rules county_population: 0 rejected
2026-10-04T21:28:15.545-04:00 run=5 stage=validate_records INFO rows_in=10068 rows_out=10068 | record-level rules applied to 10,068 rows; 0 rejected into rejected_record
2026-10-04T21:28:15.546-04:00 run=5 stage=validate_records INFO | stage validate_records finished in 0.35s; gate G4 passed
2026-10-04T21:28:15.547-04:00 run=5 stage=reconcile_unit INFO | start (pedestrian fatalities and crashes per year equal the published totals)
2026-10-04T21:28:15.548-04:00 run=5 stage=reconcile_unit INFO | PASS  G5 2020 ped_fatalities: published/profiled 130, derived 130
2026-10-04T21:28:15.549-04:00 run=5 stage=reconcile_unit INFO | PASS  G5 2020 crashes_with_ped_fatality: published/profiled 120, derived 120
2026-10-04T21:28:15.550-04:00 run=5 stage=reconcile_unit INFO | PASS  G5 2021 ped_fatalities: published/profiled 120, derived 120
2026-10-04T21:28:15.551-04:00 run=5 stage=reconcile_unit INFO | PASS  G5 2021 crashes_with_ped_fatality: published/profiled 112, derived 112
2026-10-04T21:28:15.552-04:00 run=5 stage=reconcile_unit INFO | PASS  G5 2022 ped_fatalities: published/profiled 104, derived 104
2026-10-04T21:28:15.553-04:00 run=5 stage=reconcile_unit INFO | PASS  G5 2022 crashes_with_ped_fatality: published/profiled 94, derived 94
2026-10-04T21:28:15.554-04:00 run=5 stage=reconcile_unit INFO | PASS  G5 2023 ped_fatalities: published/profiled 132, derived 132
2026-10-04T21:28:15.555-04:00 run=5 stage=reconcile_unit INFO | PASS  G5 2023 crashes_with_ped_fatality: published/profiled 122, derived 122
2026-10-04T21:28:15.556-04:00 run=5 stage=reconcile_unit INFO | PASS  G5 2024 ped_fatalities: published/profiled 110, derived 110
2026-10-04T21:28:15.557-04:00 run=5 stage=reconcile_unit INFO | PASS  G5 2024 crashes_with_ped_fatality: published/profiled 99, derived 99
2026-10-04T21:28:15.557-04:00 run=5 stage=reconcile_unit INFO | stage reconcile_unit finished in 0.01s; gate G5 passed
2026-10-04T21:28:15.558-04:00 run=5 stage=load INFO | start (ONE transaction: delete 2020-2024, insert, run the deferred triggers)
2026-10-04T21:28:15.656-04:00 run=5 stage=load INFO rows_in=120 rows_out=120 | 2020 crash: deleted 120 row(s) of the previous load, inserted 120
2026-10-04T21:28:15.659-04:00 run=5 stage=load INFO rows_in=112 rows_out=112 | 2021 crash: deleted 112 row(s) of the previous load, inserted 112
2026-10-04T21:28:15.661-04:00 run=5 stage=load INFO rows_in=94 rows_out=94 | 2022 crash: deleted 94 row(s) of the previous load, inserted 94
2026-10-04T21:28:15.665-04:00 run=5 stage=load INFO rows_in=122 rows_out=122 | 2023 crash: deleted 122 row(s) of the previous load, inserted 122
2026-10-04T21:28:15.669-04:00 run=5 stage=load INFO rows_in=99 rows_out=99 | 2024 crash: deleted 99 row(s) of the previous load, inserted 99
2026-10-04T21:28:15.691-04:00 run=5 stage=load INFO rows_in=137 rows_out=137 | 2020 vehicle: deleted 137 row(s) of the previous load, inserted 137
2026-10-04T21:28:15.693-04:00 run=5 stage=load INFO rows_in=128 rows_out=128 | 2021 vehicle: deleted 128 row(s) of the previous load, inserted 128
2026-10-04T21:28:15.695-04:00 run=5 stage=load INFO rows_in=104 rows_out=104 | 2022 vehicle: deleted 104 row(s) of the previous load, inserted 104
2026-10-04T21:28:15.697-04:00 run=5 stage=load INFO rows_in=148 rows_out=148 | 2023 vehicle: deleted 148 row(s) of the previous load, inserted 148
2026-10-04T21:28:15.698-04:00 run=5 stage=load INFO rows_in=113 rows_out=113 | 2024 vehicle: deleted 113 row(s) of the previous load, inserted 113
2026-10-04T21:28:15.721-04:00 run=5 stage=load INFO rows_in=130 rows_out=130 | 2020 pedestrian: deleted 130 row(s) of the previous load, inserted 130
2026-10-04T21:28:15.723-04:00 run=5 stage=load INFO rows_in=120 rows_out=120 | 2021 pedestrian: deleted 120 row(s) of the previous load, inserted 120
2026-10-04T21:28:15.725-04:00 run=5 stage=load INFO rows_in=104 rows_out=104 | 2022 pedestrian: deleted 104 row(s) of the previous load, inserted 104
2026-10-04T21:28:15.726-04:00 run=5 stage=load INFO rows_in=132 rows_out=132 | 2023 pedestrian: deleted 132 row(s) of the previous load, inserted 132
2026-10-04T21:28:15.727-04:00 run=5 stage=load INFO rows_in=110 rows_out=110 | 2024 pedestrian: deleted 110 row(s) of the previous load, inserted 110
2026-10-04T21:28:15.747-04:00 run=5 stage=load INFO rows_in=130 rows_out=130 | 2020 ped_crash_type: deleted 130 row(s) of the previous load, inserted 130
2026-10-04T21:28:15.749-04:00 run=5 stage=load INFO rows_in=120 rows_out=120 | 2021 ped_crash_type: deleted 120 row(s) of the previous load, inserted 120
2026-10-04T21:28:15.751-04:00 run=5 stage=load INFO rows_in=104 rows_out=104 | 2022 ped_crash_type: deleted 104 row(s) of the previous load, inserted 104
2026-10-04T21:28:15.751-04:00 run=5 stage=load INFO rows_in=132 rows_out=132 | 2023 ped_crash_type: deleted 132 row(s) of the previous load, inserted 132
2026-10-04T21:28:15.752-04:00 run=5 stage=load INFO rows_in=110 rows_out=110 | 2024 ped_crash_type: deleted 110 row(s) of the previous load, inserted 110
2026-10-04T21:28:15.761-04:00 run=5 stage=load INFO rows_in=67 rows_out=67 | 2020 county_population: deleted 67 row(s) of the previous load, inserted 67
2026-10-04T21:28:15.763-04:00 run=5 stage=load INFO rows_in=67 rows_out=67 | 2021 county_population: deleted 67 row(s) of the previous load, inserted 67
2026-10-04T21:28:15.764-04:00 run=5 stage=load INFO rows_in=67 rows_out=67 | 2022 county_population: deleted 67 row(s) of the previous load, inserted 67
2026-10-04T21:28:15.766-04:00 run=5 stage=load INFO rows_in=67 rows_out=67 | 2023 county_population: deleted 67 row(s) of the previous load, inserted 67
2026-10-04T21:28:15.767-04:00 run=5 stage=load INFO rows_in=67 rows_out=67 | 2024 county_population: deleted 67 row(s) of the previous load, inserted 67
2026-10-04T21:28:15.804-04:00 run=5 stage=load INFO | deferred cardinality triggers passed (every crash has a pedestrian and a vehicle); transaction still open
2026-10-04T21:28:15.805-04:00 run=5 stage=load INFO | stage load finished in 0.25s
2026-10-04T21:28:15.806-04:00 run=5 stage=load ERROR | SIMULATED CRASH after stage load: the process exits now without cleaning up (an open load transaction is rolled back by PostgreSQL when the connection drops)
[exit code 70]

--- tables after this scenario ---
$ python pipeline/etl.py snapshot
table             | rows | 2020 | 2021 | 2022 | 2023 | 2024 | content md5 
------------------+------+------+------+------+------+------+-------------
crash             | 547  | 120  | 112  | 94   | 122  | 99   | 2e8235061c96
vehicle           | 630  | 137  | 128  | 104  | 148  | 113  | 8ec4676fa910
pedestrian        | 596  | 130  | 120  | 104  | 132  | 110  | 52d6d56c153e
ped_crash_type    | 596  | 130  | 120  | 104  | 132  | 110  | f58bd3ea79b8
county_population | 335  | 67   | 67   | 67   | 67   | 67   | 84cbd56a35e4
fingerprint of all data tables: c0656528b64a4e34ba381d7f356635ef
[exit code 0]

$ python pipeline/etl.py status
run_id | status    | started_at          | finished_at         | commit 
-------+-----------+---------------------+---------------------+--------
5      | running   | 2026-10-04 21:28:15 |                     | eb78b61
4      | failed    | 2026-10-04 21:28:11 | 2026-10-04 21:28:12 | eb78b61
3      | failed    | 2026-10-04 21:28:09 | 2026-10-04 21:28:09 | eb78b61
2      | succeeded | 2026-10-04 21:28:06 | 2026-10-04 21:28:07 | eb78b61
1      | succeeded | 2026-10-04 21:28:02 | 2026-10-04 21:28:03 | eb78b61

run 5: etl_log
log_id | time     | step                | rows_in | rows_out | status  | message                                                                                                       
-------+----------+---------------------+---------+----------+---------+---------------------------------------------------------------------------------------------------------------
263    | 21:28:15 | preflight           |         |          | ok      | run 5 started 2026-10-04T21:28:14-04:00; git commit eb78b61b9580233bc8fc328898151c882464001b (working tree has
264    | 21:28:15 | preflight           |         |          | ok      | inputs: raw dir data/synthetic/clean; sources data/synthetic/clean/sources.csv; expected counts data/synthetic
265    | 21:28:15 | preflight           |         |          | ok      | data tables before the run: crash=547, vehicle=630, pedestrian=596, ped_crash_type=596, county_population=335;
266    | 21:28:15 | preflight           |         |          | ok      | stage preflight finished in 0.03s                                                                             
267    | 21:28:15 | verify_sources      | 6       | 6        | ok      | 6 input files verified against sources.csv and recorded in source_file                                        
268    | 21:28:15 | verify_sources      |         |          | ok      | stage verify_sources finished in 0.01s; gate G1 passed                                                        
269    | 21:28:15 | extract             | 460     | 263      | ok      | 2020 accident.csv: kept STATE = 12 (encoding cp1252)                                                          
270    | 21:28:15 | extract             | 651     | 363      | ok      | 2020 vehicle.csv: kept STATE = 12 (encoding utf-8)                                                            
271    | 21:28:15 | extract             | 1220    | 718      | ok      | 2020 person.csv: kept STATE = 12 (encoding utf-8)                                                             
272    | 21:28:15 | extract             | 290     | 188      | ok      | 2020 pbtype.csv: kept STATE = 12 (encoding cp1252)                                                            
273    | 21:28:15 | extract             | 469     | 272      | ok      | 2021 accident.csv: kept STATE = 12 (encoding utf-8)                                                           
274    | 21:28:15 | extract             | 667     | 375      | ok      | 2021 vehicle.csv: kept STATE = 12 (encoding utf-8)                                                            
275    | 21:28:15 | extract             | 1205    | 707      | ok      | 2021 person.csv: kept STATE = 12 (encoding utf-8)                                                             
276    | 21:28:15 | extract             | 278     | 185      | ok      | 2021 pbtype.csv: kept STATE = 12 (encoding utf-8)                                                             
277    | 21:28:15 | extract             | 445     | 246      | ok      | 2022 accident.csv: kept STATE = 12 (encoding utf-8)                                                           
278    | 21:28:15 | extract             | 617     | 330      | ok      | 2022 vehicle.csv: kept STATE = 12 (encoding utf-8)                                                            
279    | 21:28:15 | extract             | 1102    | 608      | ok      | 2022 person.csv: kept STATE = 12 (encoding utf-8)                                                             
280    | 21:28:15 | extract             | 253     | 162      | ok      | 2022 pbtype.csv: kept STATE = 12 (encoding utf-8)                                                             
281    | 21:28:15 | extract             | 479     | 278      | ok      | 2023 accident.csv: kept STATE = 12 (encoding utf-8)                                                           
282    | 21:28:15 | extract             | 692     | 397      | ok      | 2023 vehicle.csv: kept STATE = 12 (encoding utf-8)                                                            
283    | 21:28:15 | extract             | 1209    | 730      | ok      | 2023 person.csv: kept STATE = 12 (encoding utf-8)                                                             
284    | 21:28:15 | extract             | 265     | 182      | ok      | 2023 pbtype.csv: kept STATE = 12 (encoding utf-8)                                                             
285    | 21:28:15 | extract             | 452     | 245      | ok      | 2024 accident.csv: kept STATE = 12 (encoding utf-8)                                                           
286    | 21:28:15 | extract             | 618     | 325      | ok      | 2024 vehicle.csv: kept STATE = 12 (encoding utf-8)                                                            
287    | 21:28:15 | extract             | 1114    | 631      | ok      | 2024 person.csv: kept STATE = 12 (encoding utf-8)                                                             
288    | 21:28:15 | extract             | 245     | 159      | ok      | 2024 pbtype.csv: kept STATE = 12 (encoding utf-8)                                                             
289    | 21:28:15 | extract             | 79      | 67       | ok      | census: kept SUMLEV 050 and STATE 12 (encoding latin-1; the state summary row is dropped)                     
290    | 21:28:15 | extract             |         |          | ok      | stage extract finished in 0.25s; gate G2 passed                                                               
291    | 21:28:15 | reconcile_inventory |         |          | ok      | stage reconcile_inventory finished in 0.01s; gate G3 passed                                                   
292    | 21:28:15 | transform           | 718     | 130      | ok      | 2020 person -> pedestrian: PER_TYP = 5 and INJ_SEV = 4                                                        
293    | 21:28:15 | transform           | 263     | 120      | ok      | 2020 accident -> crash: crashes with at least one pedestrian fatality; 1 filler coordinate pair(s) (77.7777 / 
294    | 21:28:15 | transform           | 363     | 137      | ok      | 2020 vehicle -> vehicle: in-transport vehicles of those crashes                                               
295    | 21:28:15 | transform           | 188     | 130      | ok      | 2020 pbtype -> ped_crash_type: typing records of the pedestrian fatalities                                    
296    | 21:28:15 | transform           | 707     | 120      | ok      | 2021 person -> pedestrian: PER_TYP = 5 and INJ_SEV = 4                                                        
297    | 21:28:15 | transform           | 272     | 112      | ok      | 2021 accident -> crash: crashes with at least one pedestrian fatality; 1 filler coordinate pair(s) (77.7777 / 
298    | 21:28:15 | transform           | 375     | 128      | ok      | 2021 vehicle -> vehicle: in-transport vehicles of those crashes                                               
299    | 21:28:15 | transform           | 185     | 120      | ok      | 2021 pbtype -> ped_crash_type: typing records of the pedestrian fatalities                                    
300    | 21:28:15 | transform           | 608     | 104      | ok      | 2022 person -> pedestrian: PER_TYP = 5 and INJ_SEV = 4                                                        
301    | 21:28:15 | transform           | 246     | 94       | ok      | 2022 accident -> crash: crashes with at least one pedestrian fatality; 2 filler coordinate pair(s) (77.7777 / 
302    | 21:28:15 | transform           | 330     | 104      | ok      | 2022 vehicle -> vehicle: in-transport vehicles of those crashes                                               
303    | 21:28:15 | transform           | 162     | 104      | ok      | 2022 pbtype -> ped_crash_type: typing records of the pedestrian fatalities                                    
304    | 21:28:15 | transform           | 730     | 132      | ok      | 2023 person -> pedestrian: PER_TYP = 5 and INJ_SEV = 4                                                        
305    | 21:28:15 | transform           | 278     | 122      | ok      | 2023 accident -> crash: crashes with at least one pedestrian fatality; 1 filler coordinate pair(s) (77.7777 / 
306    | 21:28:15 | transform           | 397     | 148      | ok      | 2023 vehicle -> vehicle: in-transport vehicles of those crashes                                               
307    | 21:28:15 | transform           | 182     | 132      | ok      | 2023 pbtype -> ped_crash_type: typing records of the pedestrian fatalities                                    
308    | 21:28:15 | transform           | 631     | 110      | ok      | 2024 person -> pedestrian: PER_TYP = 5 and INJ_SEV = 4                                                        
309    | 21:28:15 | transform           | 245     | 99       | ok      | 2024 accident -> crash: crashes with at least one pedestrian fatality; 1 filler coordinate pair(s) (77.7777 / 
310    | 21:28:15 | transform           | 325     | 113      | ok      | 2024 vehicle -> vehicle: in-transport vehicles of those crashes                                               
311    | 21:28:15 | transform           | 159     | 110      | ok      | 2024 pbtype -> ped_crash_type: typing records of the pedestrian fatalities                                    
312    | 21:28:15 | transform           | 67      | 335      | ok      | census -> county_population: one row per county and year (vintage 2025)                                       
313    | 21:28:15 | transform           |         |          | ok      | unit totals: crash=547, vehicle=630, pedestrian=596, ped_crash_type=596, county_population=335                
314    | 21:28:15 | transform           |         |          | ok      | stage transform finished in 0.25s                                                                             
315    | 21:28:15 | join_block_groups   | 547     | 0        | warning | skipped: the EPA Smart Location Database is not in sources.csv yet, so crash.geoid10 stays NULL for all 547 cr
316    | 21:28:15 | join_block_groups   |         |          | warning | stage join_block_groups skipped in 0.00s                                                                      
317    | 21:28:16 | validate_records    | 10068   | 10068    | ok      | record-level rules applied to 10,068 rows; 0 rejected into rejected_record                                    
318    | 21:28:16 | validate_records    |         |          | ok      | stage validate_records finished in 0.35s; gate G4 passed                                                      
319    | 21:28:16 | reconcile_unit      |         |          | ok      | stage reconcile_unit finished in 0.01s; gate G5 passed                                                        
320    | 21:28:16 | load                | 120     | 120      | ok      | 2020 crash: deleted 120 row(s) of the previous load, inserted 120                                             
321    | 21:28:16 | load                | 112     | 112      | ok      | 2021 crash: deleted 112 row(s) of the previous load, inserted 112                                             
322    | 21:28:16 | load                | 94      | 94       | ok      | 2022 crash: deleted 94 row(s) of the previous load, inserted 94                                               
323    | 21:28:16 | load                | 122     | 122      | ok      | 2023 crash: deleted 122 row(s) of the previous load, inserted 122                                             
324    | 21:28:16 | load                | 99      | 99       | ok      | 2024 crash: deleted 99 row(s) of the previous load, inserted 99                                               
325    | 21:28:16 | load                | 137     | 137      | ok      | 2020 vehicle: deleted 137 row(s) of the previous load, inserted 137                                           
326    | 21:28:16 | load                | 128     | 128      | ok      | 2021 vehicle: deleted 128 row(s) of the previous load, inserted 128                                           
327    | 21:28:16 | load                | 104     | 104      | ok      | 2022 vehicle: deleted 104 row(s) of the previous load, inserted 104                                           
328    | 21:28:16 | load                | 148     | 148      | ok      | 2023 vehicle: deleted 148 row(s) of the previous load, inserted 148                                           
329    | 21:28:16 | load                | 113     | 113      | ok      | 2024 vehicle: deleted 113 row(s) of the previous load, inserted 113                                           
330    | 21:28:16 | load                | 130     | 130      | ok      | 2020 pedestrian: deleted 130 row(s) of the previous load, inserted 130                                        
331    | 21:28:16 | load                | 120     | 120      | ok      | 2021 pedestrian: deleted 120 row(s) of the previous load, inserted 120                                        
332    | 21:28:16 | load                | 104     | 104      | ok      | 2022 pedestrian: deleted 104 row(s) of the previous load, inserted 104                                        
333    | 21:28:16 | load                | 132     | 132      | ok      | 2023 pedestrian: deleted 132 row(s) of the previous load, inserted 132                                        
334    | 21:28:16 | load                | 110     | 110      | ok      | 2024 pedestrian: deleted 110 row(s) of the previous load, inserted 110                                        
335    | 21:28:16 | load                | 130     | 130      | ok      | 2020 ped_crash_type: deleted 130 row(s) of the previous load, inserted 130                                    
336    | 21:28:16 | load                | 120     | 120      | ok      | 2021 ped_crash_type: deleted 120 row(s) of the previous load, inserted 120                                    
337    | 21:28:16 | load                | 104     | 104      | ok      | 2022 ped_crash_type: deleted 104 row(s) of the previous load, inserted 104                                    
338    | 21:28:16 | load                | 132     | 132      | ok      | 2023 ped_crash_type: deleted 132 row(s) of the previous load, inserted 132                                    
339    | 21:28:16 | load                | 110     | 110      | ok      | 2024 ped_crash_type: deleted 110 row(s) of the previous load, inserted 110                                    
340    | 21:28:16 | load                | 67      | 67       | ok      | 2020 county_population: deleted 67 row(s) of the previous load, inserted 67                                   
341    | 21:28:16 | load                | 67      | 67       | ok      | 2021 county_population: deleted 67 row(s) of the previous load, inserted 67                                   
342    | 21:28:16 | load                | 67      | 67       | ok      | 2022 county_population: deleted 67 row(s) of the previous load, inserted 67                                   
343    | 21:28:16 | load                | 67      | 67       | ok      | 2023 county_population: deleted 67 row(s) of the previous load, inserted 67                                   
344    | 21:28:16 | load                | 67      | 67       | ok      | 2024 county_population: deleted 67 row(s) of the previous load, inserted 67                                   
345    | 21:28:16 | load                |         |          | ok      | deferred cardinality triggers passed (every crash has a pedestrian and a vehicle); transaction still open     
346    | 21:28:16 | load                |         |          | ok      | stage load finished in 0.25s                                                                                  

run 5: validation_result
passed | failed
-------+-------
68     | 0     

rejected records in run 5: 0
[exit code 0]

