# Scenario 6: restart = the same command again
# input: SYNTHETIC files from tools/make_synthetic_raw.py (not real FARS rows)
# expected outcome: exit 0; the abandoned run is closed as failed; tables identical to scenarios 1-2
# recorded 2026-10-04T22:27:03-04:00

$ python pipeline/etl.py run --raw-dir data/synthetic/clean --sources data/synthetic/clean/sources.csv --expected data/synthetic/clean/expected_counts.csv --log-dir data/interim/week7/logs
2026-10-04T22:27:03.723-04:00 run=- stage=preflight INFO | start (connect, take the run lock, close abandoned runs, open the etl_run row)
2026-10-04T22:27:03.744-04:00 run=6 stage=preflight WARN | recovered abandoned run 5 (started 2026-10-04T22:26:59-04:00): status set to failed; its load transaction was never committed, so no rows of it exist
2026-10-04T22:27:03.745-04:00 run=6 stage=preflight INFO | run 6 started 2026-10-04T22:27:03-04:00; git commit b24aa7b06a816bb39457168d5729cdaa829f7338
2026-10-04T22:27:03.746-04:00 run=6 stage=preflight INFO | inputs: raw dir data/synthetic/clean; sources data/synthetic/clean/sources.csv; expected counts data/synthetic/clean/expected_counts.csv
2026-10-04T22:27:03.754-04:00 run=6 stage=preflight INFO | data tables before the run: crash=547, vehicle=630, pedestrian=596, ped_crash_type=596, county_population=335; fingerprint c0656528b64a
2026-10-04T22:27:03.755-04:00 run=6 stage=preflight INFO | stage preflight finished in 0.03s
2026-10-04T22:27:03.756-04:00 run=6 stage=verify_sources INFO | start (every input file present; size and SHA-256 equal to sources.csv)
2026-10-04T22:27:03.757-04:00 run=6 stage=verify_sources INFO | PASS  G1 sources.csv lists FARS 2020-2024 and the Census file: FARS years [2020, 2021, 2022, 2023, 2024]; census yes
2026-10-04T22:27:03.761-04:00 run=6 stage=verify_sources INFO | PASS  G1 sha256 FARS2020NationalCSV.zip: expected ee66bdb47ab151b2... (35,023 bytes), found ee66bdb47ab151b2... (35,023 bytes)
2026-10-04T22:27:03.763-04:00 run=6 stage=verify_sources INFO | PASS  G1 sha256 FARS2021NationalCSV.zip: expected cb71e777efb47a3a... (35,155 bytes), found cb71e777efb47a3a... (35,155 bytes)
2026-10-04T22:27:03.764-04:00 run=6 stage=verify_sources INFO | PASS  G1 sha256 FARS2022NationalCSV.zip: expected e543adcea0c609ef... (33,417 bytes), found e543adcea0c609ef... (33,417 bytes)
2026-10-04T22:27:03.766-04:00 run=6 stage=verify_sources INFO | PASS  G1 sha256 FARS2023NationalCSV.zip: expected beee2e3bb57710c4... (36,198 bytes), found beee2e3bb57710c4... (36,198 bytes)
2026-10-04T22:27:03.767-04:00 run=6 stage=verify_sources INFO | PASS  G1 sha256 FARS2024NationalCSV.zip: expected 6532260bed847f4c... (33,624 bytes), found 6532260bed847f4c... (33,624 bytes)
2026-10-04T22:27:03.768-04:00 run=6 stage=verify_sources INFO | PASS  G1 sha256 co-est2025-alldata.csv: expected 5c45fd72b6545625... (8,159 bytes), found 5c45fd72b6545625... (8,159 bytes)
2026-10-04T22:27:03.773-04:00 run=6 stage=verify_sources INFO rows_in=6 rows_out=6 | 6 input files verified against sources.csv and recorded in source_file
2026-10-04T22:27:03.773-04:00 run=6 stage=verify_sources INFO | stage verify_sources finished in 0.02s; gate G1 passed
2026-10-04T22:27:03.774-04:00 run=6 stage=extract INFO | start (read the CSV members from the zips (UTF-8, cp1252 fallback); required columns present; keep STATE = 12)
2026-10-04T22:27:03.788-04:00 run=6 stage=extract INFO | PASS  G2 2020 accident.csv required columns: 16 columns present (cp1252)
2026-10-04T22:27:03.791-04:00 run=6 stage=extract INFO rows_in=460 rows_out=263 | 2020 accident.csv: kept STATE = 12 (encoding cp1252)
2026-10-04T22:27:03.800-04:00 run=6 stage=extract INFO | PASS  G2 2020 vehicle.csv required columns: 6 columns present (utf-8)
2026-10-04T22:27:03.802-04:00 run=6 stage=extract INFO rows_in=651 rows_out=363 | 2020 vehicle.csv: kept STATE = 12 (encoding utf-8)
2026-10-04T22:27:03.813-04:00 run=6 stage=extract INFO | PASS  G2 2020 person.csv required columns: 10 columns present (utf-8)
2026-10-04T22:27:03.815-04:00 run=6 stage=extract INFO rows_in=1220 rows_out=718 | 2020 person.csv: kept STATE = 12 (encoding utf-8)
2026-10-04T22:27:03.823-04:00 run=6 stage=extract INFO | PASS  G2 2020 pbtype.csv required columns: 9 columns present (cp1252)
2026-10-04T22:27:03.825-04:00 run=6 stage=extract INFO rows_in=290 rows_out=188 | 2020 pbtype.csv: kept STATE = 12 (encoding cp1252)
2026-10-04T22:27:03.836-04:00 run=6 stage=extract INFO | PASS  G2 2021 accident.csv required columns: 16 columns present (utf-8)
2026-10-04T22:27:03.838-04:00 run=6 stage=extract INFO rows_in=469 rows_out=272 | 2021 accident.csv: kept STATE = 12 (encoding utf-8)
2026-10-04T22:27:03.845-04:00 run=6 stage=extract INFO | PASS  G2 2021 vehicle.csv required columns: 6 columns present (utf-8)
2026-10-04T22:27:03.847-04:00 run=6 stage=extract INFO rows_in=667 rows_out=375 | 2021 vehicle.csv: kept STATE = 12 (encoding utf-8)
2026-10-04T22:27:03.856-04:00 run=6 stage=extract INFO | PASS  G2 2021 person.csv required columns: 10 columns present (utf-8)
2026-10-04T22:27:03.858-04:00 run=6 stage=extract INFO rows_in=1205 rows_out=707 | 2021 person.csv: kept STATE = 12 (encoding utf-8)
2026-10-04T22:27:03.865-04:00 run=6 stage=extract INFO | PASS  G2 2021 pbtype.csv required columns: 9 columns present (utf-8)
2026-10-04T22:27:03.867-04:00 run=6 stage=extract INFO rows_in=278 rows_out=185 | 2021 pbtype.csv: kept STATE = 12 (encoding utf-8)
2026-10-04T22:27:03.877-04:00 run=6 stage=extract INFO | PASS  G2 2022 accident.csv required columns: 16 columns present (utf-8)
2026-10-04T22:27:03.879-04:00 run=6 stage=extract INFO rows_in=445 rows_out=246 | 2022 accident.csv: kept STATE = 12 (encoding utf-8)
2026-10-04T22:27:03.886-04:00 run=6 stage=extract INFO | PASS  G2 2022 vehicle.csv required columns: 6 columns present (utf-8)
2026-10-04T22:27:03.888-04:00 run=6 stage=extract INFO rows_in=617 rows_out=330 | 2022 vehicle.csv: kept STATE = 12 (encoding utf-8)
2026-10-04T22:27:03.897-04:00 run=6 stage=extract INFO | PASS  G2 2022 person.csv required columns: 10 columns present (utf-8)
2026-10-04T22:27:03.899-04:00 run=6 stage=extract INFO rows_in=1102 rows_out=608 | 2022 person.csv: kept STATE = 12 (encoding utf-8)
2026-10-04T22:27:03.906-04:00 run=6 stage=extract INFO | PASS  G2 2022 pbtype.csv required columns: 9 columns present (utf-8)
2026-10-04T22:27:03.907-04:00 run=6 stage=extract INFO rows_in=253 rows_out=162 | 2022 pbtype.csv: kept STATE = 12 (encoding utf-8)
2026-10-04T22:27:03.920-04:00 run=6 stage=extract INFO | PASS  G2 2023 accident.csv required columns: 16 columns present (utf-8)
2026-10-04T22:27:03.923-04:00 run=6 stage=extract INFO rows_in=479 rows_out=278 | 2023 accident.csv: kept STATE = 12 (encoding utf-8)
2026-10-04T22:27:03.930-04:00 run=6 stage=extract INFO | PASS  G2 2023 vehicle.csv required columns: 6 columns present (utf-8)
2026-10-04T22:27:03.931-04:00 run=6 stage=extract INFO rows_in=692 rows_out=397 | 2023 vehicle.csv: kept STATE = 12 (encoding utf-8)
2026-10-04T22:27:03.942-04:00 run=6 stage=extract INFO | PASS  G2 2023 person.csv required columns: 10 columns present (utf-8)
2026-10-04T22:27:03.944-04:00 run=6 stage=extract INFO rows_in=1209 rows_out=730 | 2023 person.csv: kept STATE = 12 (encoding utf-8)
2026-10-04T22:27:03.951-04:00 run=6 stage=extract INFO | PASS  G2 2023 pbtype.csv required columns: 9 columns present (utf-8)
2026-10-04T22:27:03.952-04:00 run=6 stage=extract INFO rows_in=265 rows_out=182 | 2023 pbtype.csv: kept STATE = 12 (encoding utf-8)
2026-10-04T22:27:03.965-04:00 run=6 stage=extract INFO | PASS  G2 2024 accident.csv required columns: 16 columns present (utf-8)
2026-10-04T22:27:03.968-04:00 run=6 stage=extract INFO rows_in=452 rows_out=245 | 2024 accident.csv: kept STATE = 12 (encoding utf-8)
2026-10-04T22:27:03.976-04:00 run=6 stage=extract INFO | PASS  G2 2024 vehicle.csv required columns: 6 columns present (utf-8)
2026-10-04T22:27:03.978-04:00 run=6 stage=extract INFO rows_in=618 rows_out=325 | 2024 vehicle.csv: kept STATE = 12 (encoding utf-8)
2026-10-04T22:27:03.992-04:00 run=6 stage=extract INFO | PASS  G2 2024 person.csv required columns: 10 columns present (utf-8)
2026-10-04T22:27:03.995-04:00 run=6 stage=extract INFO rows_in=1114 rows_out=631 | 2024 person.csv: kept STATE = 12 (encoding utf-8)
2026-10-04T22:27:04.005-04:00 run=6 stage=extract INFO | PASS  G2 2024 pbtype.csv required columns: 9 columns present (utf-8)
2026-10-04T22:27:04.007-04:00 run=6 stage=extract INFO rows_in=245 rows_out=159 | 2024 pbtype.csv: kept STATE = 12 (encoding utf-8)
2026-10-04T22:27:04.017-04:00 run=6 stage=extract INFO | PASS  G2 census required columns: 9 columns present (latin-1)
2026-10-04T22:27:04.020-04:00 run=6 stage=extract INFO rows_in=79 rows_out=67 | census: kept SUMLEV 050 and STATE 12 (encoding latin-1; the state summary row is dropped)
2026-10-04T22:27:04.021-04:00 run=6 stage=extract INFO | stage extract finished in 0.25s; gate G2 passed
2026-10-04T22:27:04.022-04:00 run=6 stage=reconcile_inventory INFO | start (Florida rows per member equal expected_counts.csv)
2026-10-04T22:27:04.023-04:00 run=6 stage=reconcile_inventory INFO | PASS  G3 expected_counts.csv present and complete: 31 totals read from data/synthetic/clean/expected_counts.csv
2026-10-04T22:27:04.024-04:00 run=6 stage=reconcile_inventory INFO | PASS  G3 2020 accident Florida rows: expected 263, read 263
2026-10-04T22:27:04.025-04:00 run=6 stage=reconcile_inventory INFO | PASS  G3 2020 vehicle Florida rows: expected 363, read 363
2026-10-04T22:27:04.026-04:00 run=6 stage=reconcile_inventory INFO | PASS  G3 2020 person Florida rows: expected 718, read 718
2026-10-04T22:27:04.026-04:00 run=6 stage=reconcile_inventory INFO | PASS  G3 2020 pbtype Florida rows: expected 188, read 188
2026-10-04T22:27:04.027-04:00 run=6 stage=reconcile_inventory INFO | PASS  G3 2021 accident Florida rows: expected 272, read 272
2026-10-04T22:27:04.027-04:00 run=6 stage=reconcile_inventory INFO | PASS  G3 2021 vehicle Florida rows: expected 375, read 375
2026-10-04T22:27:04.028-04:00 run=6 stage=reconcile_inventory INFO | PASS  G3 2021 person Florida rows: expected 707, read 707
2026-10-04T22:27:04.029-04:00 run=6 stage=reconcile_inventory INFO | PASS  G3 2021 pbtype Florida rows: expected 185, read 185
2026-10-04T22:27:04.029-04:00 run=6 stage=reconcile_inventory INFO | PASS  G3 2022 accident Florida rows: expected 246, read 246
2026-10-04T22:27:04.030-04:00 run=6 stage=reconcile_inventory INFO | PASS  G3 2022 vehicle Florida rows: expected 330, read 330
2026-10-04T22:27:04.031-04:00 run=6 stage=reconcile_inventory INFO | PASS  G3 2022 person Florida rows: expected 608, read 608
2026-10-04T22:27:04.031-04:00 run=6 stage=reconcile_inventory INFO | PASS  G3 2022 pbtype Florida rows: expected 162, read 162
2026-10-04T22:27:04.032-04:00 run=6 stage=reconcile_inventory INFO | PASS  G3 2023 accident Florida rows: expected 278, read 278
2026-10-04T22:27:04.032-04:00 run=6 stage=reconcile_inventory INFO | PASS  G3 2023 vehicle Florida rows: expected 397, read 397
2026-10-04T22:27:04.033-04:00 run=6 stage=reconcile_inventory INFO | PASS  G3 2023 person Florida rows: expected 730, read 730
2026-10-04T22:27:04.034-04:00 run=6 stage=reconcile_inventory INFO | PASS  G3 2023 pbtype Florida rows: expected 182, read 182
2026-10-04T22:27:04.035-04:00 run=6 stage=reconcile_inventory INFO | PASS  G3 2024 accident Florida rows: expected 245, read 245
2026-10-04T22:27:04.036-04:00 run=6 stage=reconcile_inventory INFO | PASS  G3 2024 vehicle Florida rows: expected 325, read 325
2026-10-04T22:27:04.036-04:00 run=6 stage=reconcile_inventory INFO | PASS  G3 2024 person Florida rows: expected 631, read 631
2026-10-04T22:27:04.037-04:00 run=6 stage=reconcile_inventory INFO | PASS  G3 2024 pbtype Florida rows: expected 159, read 159
2026-10-04T22:27:04.037-04:00 run=6 stage=reconcile_inventory INFO | PASS  G3 census Florida county rows: expected 67, read 67
2026-10-04T22:27:04.037-04:00 run=6 stage=reconcile_inventory INFO | stage reconcile_inventory finished in 0.02s; gate G3 passed
2026-10-04T22:27:04.038-04:00 run=6 stage=transform INFO | start (unit of observation; filler coordinates and STR_VEH 0 -> NULL; census to long format)
2026-10-04T22:27:04.051-04:00 run=6 stage=transform INFO rows_in=718 rows_out=130 | 2020 person -> pedestrian: PER_TYP = 5 and INJ_SEV = 4
2026-10-04T22:27:04.067-04:00 run=6 stage=transform INFO rows_in=263 rows_out=120 | 2020 accident -> crash: crashes with at least one pedestrian fatality; 1 filler coordinate pair(s) (77.7777 / 88.8888 / 99.9999) set to NULL
2026-10-04T22:27:04.075-04:00 run=6 stage=transform INFO rows_in=363 rows_out=137 | 2020 vehicle -> vehicle: in-transport vehicles of those crashes
2026-10-04T22:27:04.087-04:00 run=6 stage=transform INFO rows_in=188 rows_out=130 | 2020 pbtype -> ped_crash_type: typing records of the pedestrian fatalities
2026-10-04T22:27:04.100-04:00 run=6 stage=transform INFO rows_in=707 rows_out=120 | 2021 person -> pedestrian: PER_TYP = 5 and INJ_SEV = 4
2026-10-04T22:27:04.115-04:00 run=6 stage=transform INFO rows_in=272 rows_out=112 | 2021 accident -> crash: crashes with at least one pedestrian fatality; 1 filler coordinate pair(s) (77.7777 / 88.8888 / 99.9999) set to NULL
2026-10-04T22:27:04.122-04:00 run=6 stage=transform INFO rows_in=375 rows_out=128 | 2021 vehicle -> vehicle: in-transport vehicles of those crashes
2026-10-04T22:27:04.135-04:00 run=6 stage=transform INFO rows_in=185 rows_out=120 | 2021 pbtype -> ped_crash_type: typing records of the pedestrian fatalities
2026-10-04T22:27:04.148-04:00 run=6 stage=transform INFO rows_in=608 rows_out=104 | 2022 person -> pedestrian: PER_TYP = 5 and INJ_SEV = 4
2026-10-04T22:27:04.161-04:00 run=6 stage=transform INFO rows_in=246 rows_out=94 | 2022 accident -> crash: crashes with at least one pedestrian fatality; 2 filler coordinate pair(s) (77.7777 / 88.8888 / 99.9999) set to NULL
2026-10-04T22:27:04.168-04:00 run=6 stage=transform INFO rows_in=330 rows_out=104 | 2022 vehicle -> vehicle: in-transport vehicles of those crashes
2026-10-04T22:27:04.180-04:00 run=6 stage=transform INFO rows_in=162 rows_out=104 | 2022 pbtype -> ped_crash_type: typing records of the pedestrian fatalities
2026-10-04T22:27:04.193-04:00 run=6 stage=transform INFO rows_in=730 rows_out=132 | 2023 person -> pedestrian: PER_TYP = 5 and INJ_SEV = 4
2026-10-04T22:27:04.207-04:00 run=6 stage=transform INFO rows_in=278 rows_out=122 | 2023 accident -> crash: crashes with at least one pedestrian fatality; 1 filler coordinate pair(s) (77.7777 / 88.8888 / 99.9999) set to NULL
2026-10-04T22:27:04.214-04:00 run=6 stage=transform INFO rows_in=397 rows_out=148 | 2023 vehicle -> vehicle: in-transport vehicles of those crashes
2026-10-04T22:27:04.225-04:00 run=6 stage=transform INFO rows_in=182 rows_out=132 | 2023 pbtype -> ped_crash_type: typing records of the pedestrian fatalities
2026-10-04T22:27:04.237-04:00 run=6 stage=transform INFO rows_in=631 rows_out=110 | 2024 person -> pedestrian: PER_TYP = 5 and INJ_SEV = 4
2026-10-04T22:27:04.250-04:00 run=6 stage=transform INFO rows_in=245 rows_out=99 | 2024 accident -> crash: crashes with at least one pedestrian fatality; 1 filler coordinate pair(s) (77.7777 / 88.8888 / 99.9999) set to NULL
2026-10-04T22:27:04.257-04:00 run=6 stage=transform INFO rows_in=325 rows_out=113 | 2024 vehicle -> vehicle: in-transport vehicles of those crashes
2026-10-04T22:27:04.269-04:00 run=6 stage=transform INFO rows_in=159 rows_out=110 | 2024 pbtype -> ped_crash_type: typing records of the pedestrian fatalities
2026-10-04T22:27:04.284-04:00 run=6 stage=transform INFO rows_in=67 rows_out=335 | census -> county_population: one row per county and year (vintage 2025)
2026-10-04T22:27:04.285-04:00 run=6 stage=transform INFO | unit totals: crash=547, vehicle=630, pedestrian=596, ped_crash_type=596, county_population=335
2026-10-04T22:27:04.287-04:00 run=6 stage=transform INFO | stage transform finished in 0.25s
2026-10-04T22:27:04.287-04:00 run=6 stage=join_block_groups INFO | start (EPA spatial join for crash.geoid10 (not implemented yet: always skipped with a warning))
2026-10-04T22:27:04.287-04:00 run=6 stage=join_block_groups WARN rows_in=547 rows_out=0 | skipped: the EPA block-group join is not implemented yet, so crash.geoid10 stays NULL for all 547 crashes and the walkability item reads 'unknown' (cleaning plan, issue 5)
2026-10-04T22:27:04.288-04:00 run=6 stage=join_block_groups WARN | stage join_block_groups skipped in 0.00s
2026-10-04T22:27:04.289-04:00 run=6 stage=validate_records INFO | start (pandera: unique keys, no orphans, types, code lists valid for the year, reference tables; failures -> rejected_record)
2026-10-04T22:27:04.972-04:00 run=6 stage=validate_records INFO | PASS  G4 raw file accident: 0 failures
2026-10-04T22:27:04.973-04:00 run=6 stage=validate_records INFO | PASS  G4 raw file vehicle: 0 failures
2026-10-04T22:27:04.974-04:00 run=6 stage=validate_records INFO | PASS  G4 raw file person: 0 failures
2026-10-04T22:27:04.974-04:00 run=6 stage=validate_records INFO | PASS  G4 raw file pbtype: 0 failures
2026-10-04T22:27:04.975-04:00 run=6 stage=validate_records INFO | PASS  G4 record rules crash: 0 failures
2026-10-04T22:27:04.975-04:00 run=6 stage=validate_records INFO | PASS  G4 record rules vehicle: 0 failures
2026-10-04T22:27:04.976-04:00 run=6 stage=validate_records INFO | PASS  G4 record rules pedestrian: 0 failures
2026-10-04T22:27:04.976-04:00 run=6 stage=validate_records INFO | PASS  G4 record rules ped_crash_type: 0 failures
2026-10-04T22:27:04.977-04:00 run=6 stage=validate_records INFO | PASS  G4 record rules county_population: 0 failures
2026-10-04T22:27:04.977-04:00 run=6 stage=validate_records INFO rows_in=10068 rows_out=10068 | record-level rules applied to 10,068 rows; 0 record(s) rejected (0 rule failure(s)) into rejected_record
2026-10-04T22:27:04.978-04:00 run=6 stage=validate_records INFO | stage validate_records finished in 0.69s; gate G4 passed
2026-10-04T22:27:04.979-04:00 run=6 stage=reconcile_unit INFO | start (pedestrian fatalities and crashes per year equal the published totals)
2026-10-04T22:27:04.980-04:00 run=6 stage=reconcile_unit INFO | PASS  G5 2020 ped_fatalities: expected (Week 6 profile / published) 130, derived 130
2026-10-04T22:27:04.981-04:00 run=6 stage=reconcile_unit INFO | PASS  G5 2020 crashes_with_ped_fatality: expected (Week 6 profile / published) 120, derived 120
2026-10-04T22:27:04.982-04:00 run=6 stage=reconcile_unit INFO | PASS  G5 2021 ped_fatalities: expected (Week 6 profile / published) 120, derived 120
2026-10-04T22:27:04.983-04:00 run=6 stage=reconcile_unit INFO | PASS  G5 2021 crashes_with_ped_fatality: expected (Week 6 profile / published) 112, derived 112
2026-10-04T22:27:04.984-04:00 run=6 stage=reconcile_unit INFO | PASS  G5 2022 ped_fatalities: expected (Week 6 profile / published) 104, derived 104
2026-10-04T22:27:04.985-04:00 run=6 stage=reconcile_unit INFO | PASS  G5 2022 crashes_with_ped_fatality: expected (Week 6 profile / published) 94, derived 94
2026-10-04T22:27:04.986-04:00 run=6 stage=reconcile_unit INFO | PASS  G5 2023 ped_fatalities: expected (Week 6 profile / published) 132, derived 132
2026-10-04T22:27:04.987-04:00 run=6 stage=reconcile_unit INFO | PASS  G5 2023 crashes_with_ped_fatality: expected (Week 6 profile / published) 122, derived 122
2026-10-04T22:27:04.988-04:00 run=6 stage=reconcile_unit INFO | PASS  G5 2024 ped_fatalities: expected (Week 6 profile / published) 110, derived 110
2026-10-04T22:27:04.989-04:00 run=6 stage=reconcile_unit INFO | PASS  G5 2024 crashes_with_ped_fatality: expected (Week 6 profile / published) 99, derived 99
2026-10-04T22:27:04.989-04:00 run=6 stage=reconcile_unit INFO | stage reconcile_unit finished in 0.01s; gate G5 passed
2026-10-04T22:27:04.989-04:00 run=6 stage=load INFO | start (ONE transaction: delete 2020-2024, insert, run the deferred triggers)
2026-10-04T22:27:05.043-04:00 run=6 stage=load INFO rows_in=120 rows_out=120 | 2020 crash: deleted 120 row(s) of the previous load, inserted 120
2026-10-04T22:27:05.046-04:00 run=6 stage=load INFO rows_in=112 rows_out=112 | 2021 crash: deleted 112 row(s) of the previous load, inserted 112
2026-10-04T22:27:05.047-04:00 run=6 stage=load INFO rows_in=94 rows_out=94 | 2022 crash: deleted 94 row(s) of the previous load, inserted 94
2026-10-04T22:27:05.048-04:00 run=6 stage=load INFO rows_in=122 rows_out=122 | 2023 crash: deleted 122 row(s) of the previous load, inserted 122
2026-10-04T22:27:05.049-04:00 run=6 stage=load INFO rows_in=99 rows_out=99 | 2024 crash: deleted 99 row(s) of the previous load, inserted 99
2026-10-04T22:27:05.063-04:00 run=6 stage=load INFO rows_in=137 rows_out=137 | 2020 vehicle: deleted 137 row(s) of the previous load, inserted 137
2026-10-04T22:27:05.065-04:00 run=6 stage=load INFO rows_in=128 rows_out=128 | 2021 vehicle: deleted 128 row(s) of the previous load, inserted 128
2026-10-04T22:27:05.067-04:00 run=6 stage=load INFO rows_in=104 rows_out=104 | 2022 vehicle: deleted 104 row(s) of the previous load, inserted 104
2026-10-04T22:27:05.068-04:00 run=6 stage=load INFO rows_in=148 rows_out=148 | 2023 vehicle: deleted 148 row(s) of the previous load, inserted 148
2026-10-04T22:27:05.069-04:00 run=6 stage=load INFO rows_in=113 rows_out=113 | 2024 vehicle: deleted 113 row(s) of the previous load, inserted 113
2026-10-04T22:27:05.095-04:00 run=6 stage=load INFO rows_in=130 rows_out=130 | 2020 pedestrian: deleted 130 row(s) of the previous load, inserted 130
2026-10-04T22:27:05.097-04:00 run=6 stage=load INFO rows_in=120 rows_out=120 | 2021 pedestrian: deleted 120 row(s) of the previous load, inserted 120
2026-10-04T22:27:05.099-04:00 run=6 stage=load INFO rows_in=104 rows_out=104 | 2022 pedestrian: deleted 104 row(s) of the previous load, inserted 104
2026-10-04T22:27:05.100-04:00 run=6 stage=load INFO rows_in=132 rows_out=132 | 2023 pedestrian: deleted 132 row(s) of the previous load, inserted 132
2026-10-04T22:27:05.102-04:00 run=6 stage=load INFO rows_in=110 rows_out=110 | 2024 pedestrian: deleted 110 row(s) of the previous load, inserted 110
2026-10-04T22:27:05.123-04:00 run=6 stage=load INFO rows_in=130 rows_out=130 | 2020 ped_crash_type: deleted 130 row(s) of the previous load, inserted 130
2026-10-04T22:27:05.125-04:00 run=6 stage=load INFO rows_in=120 rows_out=120 | 2021 ped_crash_type: deleted 120 row(s) of the previous load, inserted 120
2026-10-04T22:27:05.127-04:00 run=6 stage=load INFO rows_in=104 rows_out=104 | 2022 ped_crash_type: deleted 104 row(s) of the previous load, inserted 104
2026-10-04T22:27:05.128-04:00 run=6 stage=load INFO rows_in=132 rows_out=132 | 2023 ped_crash_type: deleted 132 row(s) of the previous load, inserted 132
2026-10-04T22:27:05.129-04:00 run=6 stage=load INFO rows_in=110 rows_out=110 | 2024 ped_crash_type: deleted 110 row(s) of the previous load, inserted 110
2026-10-04T22:27:05.140-04:00 run=6 stage=load INFO rows_in=67 rows_out=67 | 2020 county_population: deleted 67 row(s) of the previous load, inserted 67
2026-10-04T22:27:05.143-04:00 run=6 stage=load INFO rows_in=67 rows_out=67 | 2021 county_population: deleted 67 row(s) of the previous load, inserted 67
2026-10-04T22:27:05.144-04:00 run=6 stage=load INFO rows_in=67 rows_out=67 | 2022 county_population: deleted 67 row(s) of the previous load, inserted 67
2026-10-04T22:27:05.145-04:00 run=6 stage=load INFO rows_in=67 rows_out=67 | 2023 county_population: deleted 67 row(s) of the previous load, inserted 67
2026-10-04T22:27:05.146-04:00 run=6 stage=load INFO rows_in=67 rows_out=67 | 2024 county_population: deleted 67 row(s) of the previous load, inserted 67
2026-10-04T22:27:05.184-04:00 run=6 stage=load INFO | deferred cardinality triggers passed (every crash has a pedestrian and a vehicle); transaction still open
2026-10-04T22:27:05.186-04:00 run=6 stage=load INFO | stage load finished in 0.20s
2026-10-04T22:27:05.187-04:00 run=6 stage=verify_load INFO | start (post-load checks inside the same transaction; if all blocking checks pass, etl_run = succeeded and COMMIT)
2026-10-04T22:27:05.190-04:00 run=6 stage=verify_load INFO | PASS  G6 crash rows per year = rows prepared: 2020: 120, 2021: 112, 2022: 94, 2023: 122, 2024: 99
2026-10-04T22:27:05.192-04:00 run=6 stage=verify_load INFO | PASS  G6 crash no duplicate keys: 0 duplicate key(s)
2026-10-04T22:27:05.194-04:00 run=6 stage=verify_load INFO | PASS  G6 vehicle rows per year = rows prepared: 2020: 137, 2021: 128, 2022: 104, 2023: 148, 2024: 113
2026-10-04T22:27:05.196-04:00 run=6 stage=verify_load INFO | PASS  G6 vehicle no duplicate keys: 0 duplicate key(s)
2026-10-04T22:27:05.199-04:00 run=6 stage=verify_load INFO | PASS  G6 pedestrian rows per year = rows prepared: 2020: 130, 2021: 120, 2022: 104, 2023: 132, 2024: 110
2026-10-04T22:27:05.201-04:00 run=6 stage=verify_load INFO | PASS  G6 pedestrian no duplicate keys: 0 duplicate key(s)
2026-10-04T22:27:05.203-04:00 run=6 stage=verify_load INFO | PASS  G6 ped_crash_type rows per year = rows prepared: 2020: 130, 2021: 120, 2022: 104, 2023: 132, 2024: 110
2026-10-04T22:27:05.205-04:00 run=6 stage=verify_load INFO | PASS  G6 ped_crash_type no duplicate keys: 0 duplicate key(s)
2026-10-04T22:27:05.209-04:00 run=6 stage=verify_load INFO | PASS  G6 county_population rows per year = rows prepared: 2020: 67, 2021: 67, 2022: 67, 2023: 67, 2024: 67
2026-10-04T22:27:05.211-04:00 run=6 stage=verify_load INFO | PASS  G6 county_population no duplicate keys: 0 duplicate key(s)
2026-10-04T22:27:05.212-04:00 run=6 stage=verify_load INFO | PASS  G6 2020 pedestrian rows = expected total: expected 130, table 130
2026-10-04T22:27:05.213-04:00 run=6 stage=verify_load INFO | PASS  G6 2021 pedestrian rows = expected total: expected 120, table 120
2026-10-04T22:27:05.214-04:00 run=6 stage=verify_load INFO | PASS  G6 2022 pedestrian rows = expected total: expected 104, table 104
2026-10-04T22:27:05.215-04:00 run=6 stage=verify_load INFO | PASS  G6 2023 pedestrian rows = expected total: expected 132, table 132
2026-10-04T22:27:05.216-04:00 run=6 stage=verify_load INFO | PASS  G6 2024 pedestrian rows = expected total: expected 110, table 110
2026-10-04T22:27:05.219-04:00 run=6 stage=verify_load INFO | PASS  G6 v_dq_count_mismatch returns no rows: 0 row(s)
2026-10-04T22:27:05.226-04:00 run=6 stage=verify_load INFO | PASS  G6 v_dq_unlabeled_code returns no rows: 0 row(s)
2026-10-04T22:27:05.228-04:00 run=6 stage=verify_load INFO | PASS  G6 v_dq_population_gap returns no rows: 0 row(s)
2026-10-04T22:27:05.230-04:00 run=6 stage=verify_load INFO | PASS  G6 v_dq_county_block_group_mismatch returns no rows: 0 row(s)
2026-10-04T22:27:05.232-04:00 run=6 stage=verify_load INFO | PASS  G6 v_dq_missing_typing returns no rows (warning only): 0 row(s)
2026-10-04T22:27:05.233-04:00 run=6 stage=verify_load INFO | PASS  G6 v_dq_no_striking_vehicle returns no rows (warning only): 0 row(s)
2026-10-04T22:27:05.235-04:00 run=6 stage=verify_load INFO | PASS  G6 every crash has >= 1 pedestrian and >= 1 vehicle: 0 crash(es) without
2026-10-04T22:27:05.237-04:00 run=6 stage=verify_load INFO | PASS  G6 county rates cover every death: 596 in v_county_rate, 596 pedestrian rows
2026-10-04T22:27:05.239-04:00 run=6 stage=verify_load INFO | PASS  G6 lineage: 5 FARS source_file rows for this run, 2024 release recorded: 5 FARS file(s); 2024 release = Annual Report File
2026-10-04T22:27:05.240-04:00 run=6 stage=verify_load WARN | WARN  G6 share of crashes with a block group >= 90% (warning only): 0.0% (EPA join not run yet)
2026-10-04T22:27:05.241-04:00 run=6 stage=verify_load INFO | RUR_URB not reported, % of deaths by year (cleaning plan, issue 2): 2020: 0.8, 2021: 0.0, 2022: 0.0, 2023: 2.3, 2024: 3.6
2026-10-04T22:27:05.243-04:00 run=6 stage=verify_load INFO | all post-load checks passed: load transaction COMMITTED, etl_run status = succeeded
2026-10-04T22:27:05.244-04:00 run=6 stage=verify_load INFO | stage verify_load finished in 0.06s; gate G6 passed
2026-10-04T22:27:05.245-04:00 run=6 stage=finalize INFO | start (report only: row counts, content fingerprints, lineage lines)
2026-10-04T22:27:05.251-04:00 run=6 stage=finalize INFO rows_out=547 | crash: 547 rows, content md5 2e8235061c968b2a8c1f5658e4a9b21a
2026-10-04T22:27:05.252-04:00 run=6 stage=finalize INFO rows_out=630 | vehicle: 630 rows, content md5 8ec4676fa910156705a67022a36c1537
2026-10-04T22:27:05.253-04:00 run=6 stage=finalize INFO rows_out=596 | pedestrian: 596 rows, content md5 52d6d56c153e98ce122e76add60d8b50
2026-10-04T22:27:05.253-04:00 run=6 stage=finalize INFO rows_out=596 | ped_crash_type: 596 rows, content md5 f58bd3ea79b8c504cffe29dbe8a85ccc
2026-10-04T22:27:05.254-04:00 run=6 stage=finalize INFO rows_out=335 | county_population: 335 rows, content md5 84cbd56a35e4499105a8db9b4d138635
2026-10-04T22:27:05.255-04:00 run=6 stage=finalize INFO | fingerprint of the data tables after the run: c0656528b64a4e34ba381d7f356635ef (identical to before the run: the rerun changed nothing)
2026-10-04T22:27:05.256-04:00 run=6 stage=finalize INFO | lineage 2020: FARS2020NationalCSV.zip sha256 ee66bdb47ab1 (Final) -> person 1,220 national -> 718 Florida -> 130 pedestrian fatalities loaded
2026-10-04T22:27:05.257-04:00 run=6 stage=finalize INFO | lineage 2021: FARS2021NationalCSV.zip sha256 cb71e777efb4 (Final) -> person 1,205 national -> 707 Florida -> 120 pedestrian fatalities loaded
2026-10-04T22:27:05.258-04:00 run=6 stage=finalize INFO | lineage 2022: FARS2022NationalCSV.zip sha256 e543adcea0c6 (Final) -> person 1,102 national -> 608 Florida -> 104 pedestrian fatalities loaded
2026-10-04T22:27:05.259-04:00 run=6 stage=finalize INFO | lineage 2023: FARS2023NationalCSV.zip sha256 beee2e3bb577 (Final) -> person 1,209 national -> 730 Florida -> 132 pedestrian fatalities loaded
2026-10-04T22:27:05.260-04:00 run=6 stage=finalize INFO | lineage 2024: FARS2024NationalCSV.zip sha256 6532260bed84 (Annual Report File) -> person 1,114 national -> 631 Florida -> 110 pedestrian fatalities loaded
2026-10-04T22:27:05.261-04:00 run=6 stage=finalize INFO | stage finalize finished in 0.02s
2026-10-04T22:27:05.261-04:00 run=6 stage=end INFO | RUN 6 SUCCEEDED; log file data/interim/week7/logs/run_0006_20261004T222703.log
[exit code 0]

--- tables after this scenario ---
$ python pipeline/etl.py snapshot
table             | rows | 2020 | 2021 | 2022 | 2023 | 2024 | content md5 
------------------+------+------+------+------+------+------+-------------
crash             | 547  | 120  | 112  | 94   | 122  | 99   | 2e8235061c96
vehicle           | 630  | 137  | 128  | 104  | 148  | 113  | 8ec4676fa910
pedestrian        | 596  | 130  | 120  | 104  | 132  | 110  | 52d6d56c153e
ped_crash_type    | 596  | 130  | 120  | 104  | 132  | 110  | f58bd3ea79b8
county_population | 335  | 67   | 67   | 67   | 67   | 67   | 84cbd56a35e4
fingerprint of all data tables: c0656528b64a4e34ba381d7f356635ef
[exit code 0]

CHECK PASS  exit code 0: exit 0
CHECK PASS  abandoned run closed as failed: run 5
CHECK PASS  tables identical to scenarios 1-2: c0656528b64a4e34ba381d7f356635ef
