2026-10-04T22:26:59.748-04:00 run=5 stage=preflight INFO | start (connect, take the run lock, close abandoned runs, open the etl_run row)
2026-10-04T22:26:59.773-04:00 run=5 stage=preflight INFO | run 5 started 2026-10-04T22:26:59-04:00; git commit b24aa7b06a816bb39457168d5729cdaa829f7338
2026-10-04T22:26:59.776-04:00 run=5 stage=preflight INFO | inputs: raw dir data/synthetic/clean; sources data/synthetic/clean/sources.csv; expected counts data/synthetic/clean/expected_counts.csv
2026-10-04T22:26:59.791-04:00 run=5 stage=preflight INFO | data tables before the run: crash=547, vehicle=630, pedestrian=596, ped_crash_type=596, county_population=335; fingerprint c0656528b64a
2026-10-04T22:26:59.793-04:00 run=5 stage=preflight INFO | stage preflight finished in 0.04s
2026-10-04T22:26:59.794-04:00 run=5 stage=verify_sources INFO | start (every input file present; size and SHA-256 equal to sources.csv)
2026-10-04T22:26:59.797-04:00 run=5 stage=verify_sources INFO | PASS  G1 sources.csv lists FARS 2020-2024 and the Census file: FARS years [2020, 2021, 2022, 2023, 2024]; census yes
2026-10-04T22:26:59.799-04:00 run=5 stage=verify_sources INFO | PASS  G1 sha256 FARS2020NationalCSV.zip: expected ee66bdb47ab151b2... (35,023 bytes), found ee66bdb47ab151b2... (35,023 bytes)
2026-10-04T22:26:59.801-04:00 run=5 stage=verify_sources INFO | PASS  G1 sha256 FARS2021NationalCSV.zip: expected cb71e777efb47a3a... (35,155 bytes), found cb71e777efb47a3a... (35,155 bytes)
2026-10-04T22:26:59.803-04:00 run=5 stage=verify_sources INFO | PASS  G1 sha256 FARS2022NationalCSV.zip: expected e543adcea0c609ef... (33,417 bytes), found e543adcea0c609ef... (33,417 bytes)
2026-10-04T22:26:59.804-04:00 run=5 stage=verify_sources INFO | PASS  G1 sha256 FARS2023NationalCSV.zip: expected beee2e3bb57710c4... (36,198 bytes), found beee2e3bb57710c4... (36,198 bytes)
2026-10-04T22:26:59.805-04:00 run=5 stage=verify_sources INFO | PASS  G1 sha256 FARS2024NationalCSV.zip: expected 6532260bed847f4c... (33,624 bytes), found 6532260bed847f4c... (33,624 bytes)
2026-10-04T22:26:59.806-04:00 run=5 stage=verify_sources INFO | PASS  G1 sha256 co-est2025-alldata.csv: expected 5c45fd72b6545625... (8,159 bytes), found 5c45fd72b6545625... (8,159 bytes)
2026-10-04T22:26:59.814-04:00 run=5 stage=verify_sources INFO rows_in=6 rows_out=6 | 6 input files verified against sources.csv and recorded in source_file
2026-10-04T22:26:59.815-04:00 run=5 stage=verify_sources INFO | stage verify_sources finished in 0.02s; gate G1 passed
2026-10-04T22:26:59.816-04:00 run=5 stage=extract INFO | start (read the CSV members from the zips (UTF-8, cp1252 fallback); required columns present; keep STATE = 12)
2026-10-04T22:26:59.840-04:00 run=5 stage=extract INFO | PASS  G2 2020 accident.csv required columns: 16 columns present (cp1252)
2026-10-04T22:26:59.844-04:00 run=5 stage=extract INFO rows_in=460 rows_out=263 | 2020 accident.csv: kept STATE = 12 (encoding cp1252)
2026-10-04T22:26:59.854-04:00 run=5 stage=extract INFO | PASS  G2 2020 vehicle.csv required columns: 6 columns present (utf-8)
2026-10-04T22:26:59.857-04:00 run=5 stage=extract INFO rows_in=651 rows_out=363 | 2020 vehicle.csv: kept STATE = 12 (encoding utf-8)
2026-10-04T22:26:59.869-04:00 run=5 stage=extract INFO | PASS  G2 2020 person.csv required columns: 10 columns present (utf-8)
2026-10-04T22:26:59.871-04:00 run=5 stage=extract INFO rows_in=1220 rows_out=718 | 2020 person.csv: kept STATE = 12 (encoding utf-8)
2026-10-04T22:26:59.879-04:00 run=5 stage=extract INFO | PASS  G2 2020 pbtype.csv required columns: 9 columns present (cp1252)
2026-10-04T22:26:59.883-04:00 run=5 stage=extract INFO rows_in=290 rows_out=188 | 2020 pbtype.csv: kept STATE = 12 (encoding cp1252)
2026-10-04T22:26:59.901-04:00 run=5 stage=extract INFO | PASS  G2 2021 accident.csv required columns: 16 columns present (utf-8)
2026-10-04T22:26:59.904-04:00 run=5 stage=extract INFO rows_in=469 rows_out=272 | 2021 accident.csv: kept STATE = 12 (encoding utf-8)
2026-10-04T22:26:59.916-04:00 run=5 stage=extract INFO | PASS  G2 2021 vehicle.csv required columns: 6 columns present (utf-8)
2026-10-04T22:26:59.919-04:00 run=5 stage=extract INFO rows_in=667 rows_out=375 | 2021 vehicle.csv: kept STATE = 12 (encoding utf-8)
2026-10-04T22:26:59.932-04:00 run=5 stage=extract INFO | PASS  G2 2021 person.csv required columns: 10 columns present (utf-8)
2026-10-04T22:26:59.935-04:00 run=5 stage=extract INFO rows_in=1205 rows_out=707 | 2021 person.csv: kept STATE = 12 (encoding utf-8)
2026-10-04T22:26:59.945-04:00 run=5 stage=extract INFO | PASS  G2 2021 pbtype.csv required columns: 9 columns present (utf-8)
2026-10-04T22:26:59.948-04:00 run=5 stage=extract INFO rows_in=278 rows_out=185 | 2021 pbtype.csv: kept STATE = 12 (encoding utf-8)
2026-10-04T22:26:59.960-04:00 run=5 stage=extract INFO | PASS  G2 2022 accident.csv required columns: 16 columns present (utf-8)
2026-10-04T22:26:59.962-04:00 run=5 stage=extract INFO rows_in=445 rows_out=246 | 2022 accident.csv: kept STATE = 12 (encoding utf-8)
2026-10-04T22:26:59.969-04:00 run=5 stage=extract INFO | PASS  G2 2022 vehicle.csv required columns: 6 columns present (utf-8)
2026-10-04T22:26:59.971-04:00 run=5 stage=extract INFO rows_in=617 rows_out=330 | 2022 vehicle.csv: kept STATE = 12 (encoding utf-8)
2026-10-04T22:26:59.981-04:00 run=5 stage=extract INFO | PASS  G2 2022 person.csv required columns: 10 columns present (utf-8)
2026-10-04T22:26:59.984-04:00 run=5 stage=extract INFO rows_in=1102 rows_out=608 | 2022 person.csv: kept STATE = 12 (encoding utf-8)
2026-10-04T22:26:59.991-04:00 run=5 stage=extract INFO | PASS  G2 2022 pbtype.csv required columns: 9 columns present (utf-8)
2026-10-04T22:26:59.993-04:00 run=5 stage=extract INFO rows_in=253 rows_out=162 | 2022 pbtype.csv: kept STATE = 12 (encoding utf-8)
2026-10-04T22:27:00.006-04:00 run=5 stage=extract INFO | PASS  G2 2023 accident.csv required columns: 16 columns present (utf-8)
2026-10-04T22:27:00.008-04:00 run=5 stage=extract INFO rows_in=479 rows_out=278 | 2023 accident.csv: kept STATE = 12 (encoding utf-8)
2026-10-04T22:27:00.016-04:00 run=5 stage=extract INFO | PASS  G2 2023 vehicle.csv required columns: 6 columns present (utf-8)
2026-10-04T22:27:00.017-04:00 run=5 stage=extract INFO rows_in=692 rows_out=397 | 2023 vehicle.csv: kept STATE = 12 (encoding utf-8)
2026-10-04T22:27:00.027-04:00 run=5 stage=extract INFO | PASS  G2 2023 person.csv required columns: 10 columns present (utf-8)
2026-10-04T22:27:00.029-04:00 run=5 stage=extract INFO rows_in=1209 rows_out=730 | 2023 person.csv: kept STATE = 12 (encoding utf-8)
2026-10-04T22:27:00.036-04:00 run=5 stage=extract INFO | PASS  G2 2023 pbtype.csv required columns: 9 columns present (utf-8)
2026-10-04T22:27:00.038-04:00 run=5 stage=extract INFO rows_in=265 rows_out=182 | 2023 pbtype.csv: kept STATE = 12 (encoding utf-8)
2026-10-04T22:27:00.049-04:00 run=5 stage=extract INFO | PASS  G2 2024 accident.csv required columns: 16 columns present (utf-8)
2026-10-04T22:27:00.051-04:00 run=5 stage=extract INFO rows_in=452 rows_out=245 | 2024 accident.csv: kept STATE = 12 (encoding utf-8)
2026-10-04T22:27:00.058-04:00 run=5 stage=extract INFO | PASS  G2 2024 vehicle.csv required columns: 6 columns present (utf-8)
2026-10-04T22:27:00.060-04:00 run=5 stage=extract INFO rows_in=618 rows_out=325 | 2024 vehicle.csv: kept STATE = 12 (encoding utf-8)
2026-10-04T22:27:00.071-04:00 run=5 stage=extract INFO | PASS  G2 2024 person.csv required columns: 10 columns present (utf-8)
2026-10-04T22:27:00.073-04:00 run=5 stage=extract INFO rows_in=1114 rows_out=631 | 2024 person.csv: kept STATE = 12 (encoding utf-8)
2026-10-04T22:27:00.080-04:00 run=5 stage=extract INFO | PASS  G2 2024 pbtype.csv required columns: 9 columns present (utf-8)
2026-10-04T22:27:00.082-04:00 run=5 stage=extract INFO rows_in=245 rows_out=159 | 2024 pbtype.csv: kept STATE = 12 (encoding utf-8)
2026-10-04T22:27:00.088-04:00 run=5 stage=extract INFO | PASS  G2 census required columns: 9 columns present (latin-1)
2026-10-04T22:27:00.091-04:00 run=5 stage=extract INFO rows_in=79 rows_out=67 | census: kept SUMLEV 050 and STATE 12 (encoding latin-1; the state summary row is dropped)
2026-10-04T22:27:00.092-04:00 run=5 stage=extract INFO | stage extract finished in 0.28s; gate G2 passed
2026-10-04T22:27:00.094-04:00 run=5 stage=reconcile_inventory INFO | start (Florida rows per member equal expected_counts.csv)
2026-10-04T22:27:00.094-04:00 run=5 stage=reconcile_inventory INFO | PASS  G3 expected_counts.csv present and complete: 31 totals read from data/synthetic/clean/expected_counts.csv
2026-10-04T22:27:00.095-04:00 run=5 stage=reconcile_inventory INFO | PASS  G3 2020 accident Florida rows: expected 263, read 263
2026-10-04T22:27:00.095-04:00 run=5 stage=reconcile_inventory INFO | PASS  G3 2020 vehicle Florida rows: expected 363, read 363
2026-10-04T22:27:00.096-04:00 run=5 stage=reconcile_inventory INFO | PASS  G3 2020 person Florida rows: expected 718, read 718
2026-10-04T22:27:00.097-04:00 run=5 stage=reconcile_inventory INFO | PASS  G3 2020 pbtype Florida rows: expected 188, read 188
2026-10-04T22:27:00.097-04:00 run=5 stage=reconcile_inventory INFO | PASS  G3 2021 accident Florida rows: expected 272, read 272
2026-10-04T22:27:00.098-04:00 run=5 stage=reconcile_inventory INFO | PASS  G3 2021 vehicle Florida rows: expected 375, read 375
2026-10-04T22:27:00.099-04:00 run=5 stage=reconcile_inventory INFO | PASS  G3 2021 person Florida rows: expected 707, read 707
2026-10-04T22:27:00.099-04:00 run=5 stage=reconcile_inventory INFO | PASS  G3 2021 pbtype Florida rows: expected 185, read 185
2026-10-04T22:27:00.100-04:00 run=5 stage=reconcile_inventory INFO | PASS  G3 2022 accident Florida rows: expected 246, read 246
2026-10-04T22:27:00.101-04:00 run=5 stage=reconcile_inventory INFO | PASS  G3 2022 vehicle Florida rows: expected 330, read 330
2026-10-04T22:27:00.101-04:00 run=5 stage=reconcile_inventory INFO | PASS  G3 2022 person Florida rows: expected 608, read 608
2026-10-04T22:27:00.102-04:00 run=5 stage=reconcile_inventory INFO | PASS  G3 2022 pbtype Florida rows: expected 162, read 162
2026-10-04T22:27:00.102-04:00 run=5 stage=reconcile_inventory INFO | PASS  G3 2023 accident Florida rows: expected 278, read 278
2026-10-04T22:27:00.103-04:00 run=5 stage=reconcile_inventory INFO | PASS  G3 2023 vehicle Florida rows: expected 397, read 397
2026-10-04T22:27:00.103-04:00 run=5 stage=reconcile_inventory INFO | PASS  G3 2023 person Florida rows: expected 730, read 730
2026-10-04T22:27:00.104-04:00 run=5 stage=reconcile_inventory INFO | PASS  G3 2023 pbtype Florida rows: expected 182, read 182
2026-10-04T22:27:00.105-04:00 run=5 stage=reconcile_inventory INFO | PASS  G3 2024 accident Florida rows: expected 245, read 245
2026-10-04T22:27:00.105-04:00 run=5 stage=reconcile_inventory INFO | PASS  G3 2024 vehicle Florida rows: expected 325, read 325
2026-10-04T22:27:00.106-04:00 run=5 stage=reconcile_inventory INFO | PASS  G3 2024 person Florida rows: expected 631, read 631
2026-10-04T22:27:00.106-04:00 run=5 stage=reconcile_inventory INFO | PASS  G3 2024 pbtype Florida rows: expected 159, read 159
2026-10-04T22:27:00.107-04:00 run=5 stage=reconcile_inventory INFO | PASS  G3 census Florida county rows: expected 67, read 67
2026-10-04T22:27:00.107-04:00 run=5 stage=reconcile_inventory INFO | stage reconcile_inventory finished in 0.01s; gate G3 passed
2026-10-04T22:27:00.108-04:00 run=5 stage=transform INFO | start (unit of observation; filler coordinates and STR_VEH 0 -> NULL; census to long format)
2026-10-04T22:27:00.122-04:00 run=5 stage=transform INFO rows_in=718 rows_out=130 | 2020 person -> pedestrian: PER_TYP = 5 and INJ_SEV = 4
2026-10-04T22:27:00.136-04:00 run=5 stage=transform INFO rows_in=263 rows_out=120 | 2020 accident -> crash: crashes with at least one pedestrian fatality; 1 filler coordinate pair(s) (77.7777 / 88.8888 / 99.9999) set to NULL
2026-10-04T22:27:00.144-04:00 run=5 stage=transform INFO rows_in=363 rows_out=137 | 2020 vehicle -> vehicle: in-transport vehicles of those crashes
2026-10-04T22:27:00.163-04:00 run=5 stage=transform INFO rows_in=188 rows_out=130 | 2020 pbtype -> ped_crash_type: typing records of the pedestrian fatalities
2026-10-04T22:27:00.184-04:00 run=5 stage=transform INFO rows_in=707 rows_out=120 | 2021 person -> pedestrian: PER_TYP = 5 and INJ_SEV = 4
2026-10-04T22:27:00.208-04:00 run=5 stage=transform INFO rows_in=272 rows_out=112 | 2021 accident -> crash: crashes with at least one pedestrian fatality; 1 filler coordinate pair(s) (77.7777 / 88.8888 / 99.9999) set to NULL
2026-10-04T22:27:00.220-04:00 run=5 stage=transform INFO rows_in=375 rows_out=128 | 2021 vehicle -> vehicle: in-transport vehicles of those crashes
2026-10-04T22:27:00.239-04:00 run=5 stage=transform INFO rows_in=185 rows_out=120 | 2021 pbtype -> ped_crash_type: typing records of the pedestrian fatalities
2026-10-04T22:27:00.259-04:00 run=5 stage=transform INFO rows_in=608 rows_out=104 | 2022 person -> pedestrian: PER_TYP = 5 and INJ_SEV = 4
2026-10-04T22:27:00.282-04:00 run=5 stage=transform INFO rows_in=246 rows_out=94 | 2022 accident -> crash: crashes with at least one pedestrian fatality; 2 filler coordinate pair(s) (77.7777 / 88.8888 / 99.9999) set to NULL
2026-10-04T22:27:00.292-04:00 run=5 stage=transform INFO rows_in=330 rows_out=104 | 2022 vehicle -> vehicle: in-transport vehicles of those crashes
2026-10-04T22:27:00.307-04:00 run=5 stage=transform INFO rows_in=162 rows_out=104 | 2022 pbtype -> ped_crash_type: typing records of the pedestrian fatalities
2026-10-04T22:27:00.319-04:00 run=5 stage=transform INFO rows_in=730 rows_out=132 | 2023 person -> pedestrian: PER_TYP = 5 and INJ_SEV = 4
2026-10-04T22:27:00.335-04:00 run=5 stage=transform INFO rows_in=278 rows_out=122 | 2023 accident -> crash: crashes with at least one pedestrian fatality; 1 filler coordinate pair(s) (77.7777 / 88.8888 / 99.9999) set to NULL
2026-10-04T22:27:00.344-04:00 run=5 stage=transform INFO rows_in=397 rows_out=148 | 2023 vehicle -> vehicle: in-transport vehicles of those crashes
2026-10-04T22:27:00.359-04:00 run=5 stage=transform INFO rows_in=182 rows_out=132 | 2023 pbtype -> ped_crash_type: typing records of the pedestrian fatalities
2026-10-04T22:27:00.380-04:00 run=5 stage=transform INFO rows_in=631 rows_out=110 | 2024 person -> pedestrian: PER_TYP = 5 and INJ_SEV = 4
2026-10-04T22:27:00.396-04:00 run=5 stage=transform INFO rows_in=245 rows_out=99 | 2024 accident -> crash: crashes with at least one pedestrian fatality; 1 filler coordinate pair(s) (77.7777 / 88.8888 / 99.9999) set to NULL
2026-10-04T22:27:00.404-04:00 run=5 stage=transform INFO rows_in=325 rows_out=113 | 2024 vehicle -> vehicle: in-transport vehicles of those crashes
2026-10-04T22:27:00.416-04:00 run=5 stage=transform INFO rows_in=159 rows_out=110 | 2024 pbtype -> ped_crash_type: typing records of the pedestrian fatalities
2026-10-04T22:27:00.432-04:00 run=5 stage=transform INFO rows_in=67 rows_out=335 | census -> county_population: one row per county and year (vintage 2025)
2026-10-04T22:27:00.434-04:00 run=5 stage=transform INFO | unit totals: crash=547, vehicle=630, pedestrian=596, ped_crash_type=596, county_population=335
2026-10-04T22:27:00.436-04:00 run=5 stage=transform INFO | stage transform finished in 0.33s
2026-10-04T22:27:00.437-04:00 run=5 stage=join_block_groups INFO | start (EPA spatial join for crash.geoid10 (not implemented yet: always skipped with a warning))
2026-10-04T22:27:00.437-04:00 run=5 stage=join_block_groups WARN rows_in=547 rows_out=0 | skipped: the EPA block-group join is not implemented yet, so crash.geoid10 stays NULL for all 547 crashes and the walkability item reads 'unknown' (cleaning plan, issue 5)
2026-10-04T22:27:00.438-04:00 run=5 stage=join_block_groups WARN | stage join_block_groups skipped in 0.00s
2026-10-04T22:27:00.438-04:00 run=5 stage=validate_records INFO | start (pandera: unique keys, no orphans, types, code lists valid for the year, reference tables; failures -> rejected_record)
2026-10-04T22:27:01.129-04:00 run=5 stage=validate_records INFO | PASS  G4 raw file accident: 0 failures
2026-10-04T22:27:01.130-04:00 run=5 stage=validate_records INFO | PASS  G4 raw file vehicle: 0 failures
2026-10-04T22:27:01.130-04:00 run=5 stage=validate_records INFO | PASS  G4 raw file person: 0 failures
2026-10-04T22:27:01.131-04:00 run=5 stage=validate_records INFO | PASS  G4 raw file pbtype: 0 failures
2026-10-04T22:27:01.131-04:00 run=5 stage=validate_records INFO | PASS  G4 record rules crash: 0 failures
2026-10-04T22:27:01.132-04:00 run=5 stage=validate_records INFO | PASS  G4 record rules vehicle: 0 failures
2026-10-04T22:27:01.132-04:00 run=5 stage=validate_records INFO | PASS  G4 record rules pedestrian: 0 failures
2026-10-04T22:27:01.133-04:00 run=5 stage=validate_records INFO | PASS  G4 record rules ped_crash_type: 0 failures
2026-10-04T22:27:01.133-04:00 run=5 stage=validate_records INFO | PASS  G4 record rules county_population: 0 failures
2026-10-04T22:27:01.134-04:00 run=5 stage=validate_records INFO rows_in=10068 rows_out=10068 | record-level rules applied to 10,068 rows; 0 record(s) rejected (0 rule failure(s)) into rejected_record
2026-10-04T22:27:01.134-04:00 run=5 stage=validate_records INFO | stage validate_records finished in 0.70s; gate G4 passed
2026-10-04T22:27:01.135-04:00 run=5 stage=reconcile_unit INFO | start (pedestrian fatalities and crashes per year equal the published totals)
2026-10-04T22:27:01.136-04:00 run=5 stage=reconcile_unit INFO | PASS  G5 2020 ped_fatalities: expected (Week 6 profile / published) 130, derived 130
2026-10-04T22:27:01.137-04:00 run=5 stage=reconcile_unit INFO | PASS  G5 2020 crashes_with_ped_fatality: expected (Week 6 profile / published) 120, derived 120
2026-10-04T22:27:01.138-04:00 run=5 stage=reconcile_unit INFO | PASS  G5 2021 ped_fatalities: expected (Week 6 profile / published) 120, derived 120
2026-10-04T22:27:01.139-04:00 run=5 stage=reconcile_unit INFO | PASS  G5 2021 crashes_with_ped_fatality: expected (Week 6 profile / published) 112, derived 112
2026-10-04T22:27:01.140-04:00 run=5 stage=reconcile_unit INFO | PASS  G5 2022 ped_fatalities: expected (Week 6 profile / published) 104, derived 104
2026-10-04T22:27:01.140-04:00 run=5 stage=reconcile_unit INFO | PASS  G5 2022 crashes_with_ped_fatality: expected (Week 6 profile / published) 94, derived 94
2026-10-04T22:27:01.141-04:00 run=5 stage=reconcile_unit INFO | PASS  G5 2023 ped_fatalities: expected (Week 6 profile / published) 132, derived 132
2026-10-04T22:27:01.143-04:00 run=5 stage=reconcile_unit INFO | PASS  G5 2023 crashes_with_ped_fatality: expected (Week 6 profile / published) 122, derived 122
2026-10-04T22:27:01.144-04:00 run=5 stage=reconcile_unit INFO | PASS  G5 2024 ped_fatalities: expected (Week 6 profile / published) 110, derived 110
2026-10-04T22:27:01.145-04:00 run=5 stage=reconcile_unit INFO | PASS  G5 2024 crashes_with_ped_fatality: expected (Week 6 profile / published) 99, derived 99
2026-10-04T22:27:01.145-04:00 run=5 stage=reconcile_unit INFO | stage reconcile_unit finished in 0.01s; gate G5 passed
2026-10-04T22:27:01.145-04:00 run=5 stage=load INFO | start (ONE transaction: delete 2020-2024, insert, run the deferred triggers)
2026-10-04T22:27:01.200-04:00 run=5 stage=load INFO rows_in=120 rows_out=120 | 2020 crash: deleted 120 row(s) of the previous load, inserted 120
2026-10-04T22:27:01.202-04:00 run=5 stage=load INFO rows_in=112 rows_out=112 | 2021 crash: deleted 112 row(s) of the previous load, inserted 112
2026-10-04T22:27:01.203-04:00 run=5 stage=load INFO rows_in=94 rows_out=94 | 2022 crash: deleted 94 row(s) of the previous load, inserted 94
2026-10-04T22:27:01.204-04:00 run=5 stage=load INFO rows_in=122 rows_out=122 | 2023 crash: deleted 122 row(s) of the previous load, inserted 122
2026-10-04T22:27:01.205-04:00 run=5 stage=load INFO rows_in=99 rows_out=99 | 2024 crash: deleted 99 row(s) of the previous load, inserted 99
2026-10-04T22:27:01.219-04:00 run=5 stage=load INFO rows_in=137 rows_out=137 | 2020 vehicle: deleted 137 row(s) of the previous load, inserted 137
2026-10-04T22:27:01.221-04:00 run=5 stage=load INFO rows_in=128 rows_out=128 | 2021 vehicle: deleted 128 row(s) of the previous load, inserted 128
2026-10-04T22:27:01.222-04:00 run=5 stage=load INFO rows_in=104 rows_out=104 | 2022 vehicle: deleted 104 row(s) of the previous load, inserted 104
2026-10-04T22:27:01.223-04:00 run=5 stage=load INFO rows_in=148 rows_out=148 | 2023 vehicle: deleted 148 row(s) of the previous load, inserted 148
2026-10-04T22:27:01.224-04:00 run=5 stage=load INFO rows_in=113 rows_out=113 | 2024 vehicle: deleted 113 row(s) of the previous load, inserted 113
2026-10-04T22:27:01.244-04:00 run=5 stage=load INFO rows_in=130 rows_out=130 | 2020 pedestrian: deleted 130 row(s) of the previous load, inserted 130
2026-10-04T22:27:01.246-04:00 run=5 stage=load INFO rows_in=120 rows_out=120 | 2021 pedestrian: deleted 120 row(s) of the previous load, inserted 120
2026-10-04T22:27:01.248-04:00 run=5 stage=load INFO rows_in=104 rows_out=104 | 2022 pedestrian: deleted 104 row(s) of the previous load, inserted 104
2026-10-04T22:27:01.250-04:00 run=5 stage=load INFO rows_in=132 rows_out=132 | 2023 pedestrian: deleted 132 row(s) of the previous load, inserted 132
2026-10-04T22:27:01.251-04:00 run=5 stage=load INFO rows_in=110 rows_out=110 | 2024 pedestrian: deleted 110 row(s) of the previous load, inserted 110
2026-10-04T22:27:01.270-04:00 run=5 stage=load INFO rows_in=130 rows_out=130 | 2020 ped_crash_type: deleted 130 row(s) of the previous load, inserted 130
2026-10-04T22:27:01.272-04:00 run=5 stage=load INFO rows_in=120 rows_out=120 | 2021 ped_crash_type: deleted 120 row(s) of the previous load, inserted 120
2026-10-04T22:27:01.274-04:00 run=5 stage=load INFO rows_in=104 rows_out=104 | 2022 ped_crash_type: deleted 104 row(s) of the previous load, inserted 104
2026-10-04T22:27:01.275-04:00 run=5 stage=load INFO rows_in=132 rows_out=132 | 2023 ped_crash_type: deleted 132 row(s) of the previous load, inserted 132
2026-10-04T22:27:01.276-04:00 run=5 stage=load INFO rows_in=110 rows_out=110 | 2024 ped_crash_type: deleted 110 row(s) of the previous load, inserted 110
2026-10-04T22:27:01.285-04:00 run=5 stage=load INFO rows_in=67 rows_out=67 | 2020 county_population: deleted 67 row(s) of the previous load, inserted 67
2026-10-04T22:27:01.287-04:00 run=5 stage=load INFO rows_in=67 rows_out=67 | 2021 county_population: deleted 67 row(s) of the previous load, inserted 67
2026-10-04T22:27:01.288-04:00 run=5 stage=load INFO rows_in=67 rows_out=67 | 2022 county_population: deleted 67 row(s) of the previous load, inserted 67
2026-10-04T22:27:01.290-04:00 run=5 stage=load INFO rows_in=67 rows_out=67 | 2023 county_population: deleted 67 row(s) of the previous load, inserted 67
2026-10-04T22:27:01.291-04:00 run=5 stage=load INFO rows_in=67 rows_out=67 | 2024 county_population: deleted 67 row(s) of the previous load, inserted 67
2026-10-04T22:27:01.335-04:00 run=5 stage=load INFO | deferred cardinality triggers passed (every crash has a pedestrian and a vehicle); transaction still open
2026-10-04T22:27:01.337-04:00 run=5 stage=load INFO | stage load finished in 0.19s
2026-10-04T22:27:01.338-04:00 run=5 stage=load ERROR | SIMULATED CRASH after stage load: the process exits now without cleaning up (PostgreSQL rolls back any open load transaction when the connection drops)
